2025/05/11 15:57:09 Посещение: https://example.com
2025/05/11 15:57:10 Посещение: https://www.iana.org/domains/example
2025/05/11 15:57:11 Проиндексирована страница: http://www.iana.org/help/example-domains
2025/05/11 15:57:11 Проиндексирована страница: https://example.com
2025/05/11 15:57:36 Посещение: https://www.google.com/
2025/05/11 15:57:40 Посещение: https://www.google.com/imghp?hl=fi&tab=wi
2025/05/11 15:57:41 Проиндексирована страница: https://consent.google.com/ml?continue=https://www.google.com/imghp%3Fhl%3Dfi%26tab%3Dwi&gl=FI&m=0&pc=ihp&uxe=none&cm=2&hl=fi&src=1
2025/05/11 15:57:41 Посещение: https://maps.google.fi/maps?hl=fi&tab=wl
2025/05/11 15:57:43 Проиндексирована страница: https://consent.google.fi/ml?continue=https://maps.google.fi/maps?hl%3Dfi%26tab%3Dwl&gl=FI&m=0&pc=m&uxe=eomtm&cm=2&hl=fi&src=1
2025/05/11 15:57:43 Посещение: https://play.google.com/?hl=fi&tab=w8
2025/05/11 15:57:44 Проиндексирована страница: https://play.google.com/store/games?hl=fi&tab=w8
2025/05/11 15:57:44 Посещение: https://www.youtube.com/?tab=w1
2025/05/11 15:57:49 Проиндексирована страница: https://www.youtube.com/?tab=w1
2025/05/11 15:57:49 Посещение: https://news.google.com/?tab=wn
2025/05/11 15:57:50 Проиндексирована страница: https://consent.google.com/ml?continue=https://news.google.com/?tab%3Dwn&gl=FI&hl=en-US&cm=2&pc=n&src=1
2025/05/11 15:57:50 Посещение: https://mail.google.com/mail/?tab=wm
2025/05/11 15:57:52 Проиндексирована страница: https://support.google.com/accounts/answer/32050?hl=en
2025/05/11 15:57:52 Посещение: https://drive.google.com/?tab=wo
2025/05/11 15:57:53 Проиндексирована страница: https://support.google.com/accounts/answer/32050?hl=en
2025/05/11 15:57:53 Посещение: https://www.google.fi/intl/fi/about/products?tab=wh
2025/05/11 15:57:55 Проиндексирована страница: https://about.google/products/?tab=wh
2025/05/11 15:57:55 Посещение: http://www.google.fi/history/optout?hl=fi
2025/05/11 15:57:56 Проиндексирована страница: https://consent.google.fi/ml?continue=https://www.google.fi/history/optout?hl%3Dfi&gl=FI&hl=fi&cm=2&pc=sc&src=1
2025/05/11 15:57:56 Посещение: https://www.google.com/preferences?hl=fi
2025/05/11 15:57:56 Проиндексирована страница: https://www.google.com/preferences?hl=fi
2025/05/11 15:57:56 Посещение: https://accounts.google.com/ServiceLogin?hl=fi&passive=true&continue=https://www.google.com/&ec=GAZAAQ
2025/05/11 15:57:56 Проиндексирована страница: https://support.google.com/accounts/answer/32050?hl=fi
2025/05/11 15:57:56 Посещение: https://www.google.com/search?sca_esv=73452592aa508339&ie=UTF-8&q=%C3%84itienp%C3%A4iv%C3%A4&oi=ddle&noiga=1&ct=414391827&hl=fi&si=APYL9bu1Sl4M4TWndGcDs6ZL5WJXWNYEL_kgEEwAe0iMZIocdQtj1glO1Rpa9N5vVVa3VojnPV4HzpRJKtAWniZ3klpoU--whGObmyv7ceDXQhVHGOZ14UVMg5r7185aCR6qZfvHJnPq4dU_u-kfZZcE-YikN-sk4p7hKy_LpNkxirfJ13d1vHk%3D&sa=X&ved=0ahUKEwjil_D0u5uNAxWcEhAIHSshBz0QPQgD
2025/05/11 15:57:57 Проиндексирована страница: https://consent.google.com/ml?continue=https://www.google.com/search%3Fsca_esv%3D73452592aa508339%26ie%3DUTF-8%26q%3D%25C3%2584itienp%25C3%25A4iv%25C3%25A4%26oi%3Dddle%26noiga%3D1%26ct%3D414391827%26hl%3Dfi%26si%3DAPYL9bu1Sl4M4TWndGcDs6ZL5WJXWNYEL_kgEEwAe0iMZIocdQtj1glO1Rpa9N5vVVa3VojnPV4HzpRJKtAWniZ3klpoU--whGObmyv7ceDXQhVHGOZ14UVMg5r7185aCR6qZfvHJnPq4dU_u-kfZZcE-YikN-sk4p7hKy_LpNkxirfJ13d1vHk%253D%26sa%3DX%26ved%3D0ahUKEwjil_D0u5uNAxWcEhAIHSshBz0QPQgD&gl=FI&m=0&pc=srp&uxe=none&cm=2&hl=fi&src=1
2025/05/11 15:57:57 Посещение: https://www.google.com/advanced_search?hl=fi&authuser=0
2025/05/11 15:57:57 Проиндексирована страница: https://www.google.com/advanced_search?hl=fi&authuser=0
2025/05/11 15:57:57 Посещение: https://www.google.com/setprefs?sig=0_zsVV9ytisY-QNlknEowK7Igh1Jc%3D&hl=sv&source=homepage&sa=X&ved=0ahUKEwjil_D0u5uNAxWcEhAIHSshBz0Q2ZgBCAY
2025/05/11 15:57:57 Проиндексирована страница: https://consent.google.com/ml?continue=https://www.google.com/&gl=FI&m=0&pc=shp&uxe=none&cm=2&hl=fi&src=1
2025/05/11 15:57:57 Посещение: https://www.google.com/intl/fi/ads/
2025/05/11 15:58:06 Посещение: https://tulsu.ru/
2025/05/11 15:58:07 Посещение: https://tulsu.ru
2025/05/11 15:58:08 Проиндексирована страница: https://tulsu.ru
2025/05/11 15:58:08 Посещение: tel:88004444071
2025/05/11 15:58:08 Посещение: https://tulsu.ru/education/for-students
2025/05/11 15:58:09 Проиндексирована страница: https://tulsu.ru/education/for-students
2025/05/11 15:58:09 Посещение: https://abitur71.tsu.tula.ru
2025/05/11 15:58:10 Проиндексирована страница: https://abitur71.tsu.tula.ru
2025/05/11 15:58:10 Посещение: https://tulsu.ru/for-employees
2025/05/11 15:58:11 Проиндексирована страница: https://tulsu.ru/for-employees
2025/05/11 15:58:11 Посещение: https://tulsu.ru/polytech/bill
2025/05/11 15:58:12 Проиндексирована страница: https://tulsu.ru/polytech/bill
2025/05/11 15:58:12 Посещение: https://vk.com/newstulgu
2025/05/11 15:58:13 Проиндексирована страница: https://m.vk.com/newstulgu
2025/05/11 15:58:13 Посещение: https://ok.ru/group/62408231813330
2025/05/11 15:58:14 Проиндексирована страница: https://ok.ru/group/62408231813330
2025/05/11 15:58:14 Посещение: https://t.me/tulauniversity
2025/05/11 15:58:14 Проиндексирована страница: https://t.me/tulauniversity
2025/05/11 15:58:14 Посещение: https://rutube.ru/channel/23607409/
2025/05/11 15:58:16 Проиндексирована страница: https://rutube.ru/channel/23607409/
2025/05/11 15:58:16 Посещение: https://dzen.ru/id/6256fee0e070be64b10c64d6
2025/05/11 15:58:25 Посещение: https://www.leagueoflegends.com/ru-ru/
2025/05/11 15:58:26 Посещение: javascript: void(0)
2025/05/11 15:58:26 Посещение: https://signup.leagueoflegends.com/ru-ru/signup/redownload
2025/05/11 15:58:28 Проиндексирована страница: https://www.leagueoflegends.com/ru-ru/download/
2025/05/11 15:58:28 Посещение: https://www.youtube.com/watch?v=mQZZThDg2Qo
2025/05/11 15:58:29 Проиндексирована страница: https://www.youtube.com/watch?v=mQZZThDg2Qo
2025/05/11 15:58:29 Посещение: https://www.youtube.com/watch?v=Crt5eZTK2oA
2025/05/11 15:58:30 Проиндексирована страница: https://www.youtube.com/watch?v=Crt5eZTK2oA
2025/05/11 15:58:30 Посещение: https://www.youtube.com/watch?v=dNs_g0FcIPQ
2025/05/11 15:58:30 Проиндексирована страница: https://www.youtube.com/watch?v=dNs_g0FcIPQ
2025/05/11 15:58:30 Посещение: https://www.leagueoflegends.com/ru-ru/champions/
2025/05/11 15:58:31 Проиндексирована страница: https://www.leagueoflegends.com/ru-ru/champions/
2025/05/11 15:58:31 Посещение: https://signup.leagueoflegends.com/
2025/05/11 15:58:33 Проиндексирована страница: https://authenticate.riotgames.com/?client_id=prod-xsso-leagueoflegends&code_challenge=fAP1yt51FvyGhgfvFVPgowP8ejq3-ckHEx4xt0NpX9A&method=riot_identity_signup&platform=web&redirect_uri=https%3A%2F%2Fauth.riotgames.com%2Fauthorize%3Fclient_id%3Dprod-xsso-leagueoflegends%26code_challenge%3DfAP1yt51FvyGhgfvFVPgowP8ejq3-ckHEx4xt0NpX9A%26code_challenge_method%3DS256%26prompt%3Dsignup%26redirect_uri%3Dhttps%3A%2F%2Fxsso.leagueoflegends.com%2Fredirect%26response_type%3Dcode%26scope%3Dopenid%2520account%2520email%2520offline_access%26state%3Dd869dc1d7af3761008a766ea88%26uri%3Dhttps%3A%2F%2Fsignup.leagueoflegends.com%2Fen-gb%2Fsignup%2Fredownload
2025/05/11 15:58:33 Проиндексирована страница: https://www.leagueoflegends.com/ru-ru/
2025/05/11 15:58:33 Посещение: https://www.leagueoflegends.com/
2025/05/11 15:58:33 Посещение: javascript: void(0)
2025/05/11 15:58:33 Посещение: https://signup.leagueoflegends.com/en-gb/signup/redownload
2025/05/11 15:58:33 Проиндексирована страница: https://www.leagueoflegends.com/en-gb/download/
2025/05/11 15:58:33 Посещение: https://www.youtube.com/watch?v=cst5ojSPJDM
2025/05/11 15:58:34 Проиндексирована страница: https://www.youtube.com/watch?v=cst5ojSPJDM
2025/05/11 15:58:34 Посещение: https://www.leagueoflegends.com/en-gb/news/
2025/05/11 15:58:34 Проиндексирована страница: https://www.leagueoflegends.com/en-gb/news/
2025/05/11 15:58:34 Посещение: https://merch.riotgames.com/collection/spirit-blossom/?utm_source=leagueoflegends.com&utm_medium=referral&utm_campaign=lol-newsfeed-spiritblossom25
2025/05/11 15:58:38 Посещение: https://www.youtube.com/watch?v=b_alUrHWSbE
2025/05/11 15:58:39 Проиндексирована страница: https://www.youtube.com/watch?v=b_alUrHWSbE
2025/05/11 15:58:39 Посещение: https://www.youtube.com/watch?v=soF-1vSqF54
2025/05/11 15:58:39 Проиндексирована страница: https://www.youtube.com/watch?v=soF-1vSqF54
2025/05/11 15:58:39 Посещение: https://www.leagueoflegends.com/en-gb/champions/
2025/05/11 15:58:40 Проиндексирована страница: https://www.leagueoflegends.com/en-gb/champions/
2025/05/11 15:58:40 Посещение: https://signup.leagueoflegends.com/
2025/05/11 15:58:41 Проиндексирована страница: https://authenticate.riotgames.com/?client_id=prod-xsso-leagueoflegends&code_challenge=or8ZlXbRZEqcv7VCxBL_b2ZNAIPBtsmajswxak2DUZM&method=riot_identity_signup&platform=web&redirect_uri=https%3A%2F%2Fauth.riotgames.com%2Fauthorize%3Fclient_id%3Dprod-xsso-leagueoflegends%26code_challenge%3Dor8ZlXbRZEqcv7VCxBL_b2ZNAIPBtsmajswxak2DUZM%26code_challenge_method%3DS256%26prompt%3Dsignup%26redirect_uri%3Dhttps%3A%2F%2Fxsso.leagueoflegends.com%2Fredirect%26response_type%3Dcode%26scope%3Dopenid%2520account%2520email%2520offline_access%26state%3Dda0f2b7e52dfe0778d44debb39%26uri%3Dhttps%3A%2F%2Fsignup.leagueoflegends.com%2Fen-gb%2Fsignup%2Fredownload
2025/05/11 15:58:41 Проиндексирована страница: https://www.leagueoflegends.com/en-gb/
2025/05/11 15:58:41 Посещение: https://www.leagueoflegends.com/en-gb/download/
2025/05/11 15:58:41 Посещение: https://lol.secure.dyn.riotcdn.net/channels/public/x/installer/current/live.euw.exe
2025/05/11 15:58:46 Посещение: https://lol.secure.dyn.riotcdn.net/channels/public/x/installer/current/live.euw.zip
2025/05/11 15:58:48 Проиндексирована страница: https://www.leagueoflegends.com/en-gb/download/
2025/05/11 15:58:48 Посещение: https://wiki.leagueoflegends.com/en-us/
2025/05/11 15:58:49 Посещение: https://wiki.leagueoflegends.com/en-us/League_of_Legends_(game)
2025/05/11 15:58:49 Проиндексирована страница: https://wiki.leagueoflegends.com/en-us/League_of_Legends_(game)
2025/05/11 15:58:49 Посещение: https://wiki.leagueoflegends.com/en-us/Riot_Games
2025/05/11 15:58:50 Проиндексирована страница: https://wiki.leagueoflegends.com/en-us/Riot_Games
2025/05/11 15:58:50 Посещение: https://wiki.leagueoflegends.com/en-us/League_of_Legends
2025/05/11 15:58:50 Проиндексирована страница: https://wiki.leagueoflegends.com/en-us/League_of_Legends
2025/05/11 15:58:50 Посещение: https://wiki.leagueoflegends.com/en-us/Champion
2025/05/11 15:58:50 Проиндексирована страница: https://wiki.leagueoflegends.com/en-us/Champion
2025/05/11 15:58:50 Посещение: https://wiki.leagueoflegends.com/en-us/Rune
2025/05/11 15:58:50 Проиндексирована страница: https://wiki.leagueoflegends.com/en-us/Rune
2025/05/11 15:58:50 Посещение: https://wiki.leagueoflegends.com/en-us/Summoner_spell
2025/05/11 15:58:50 Проиндексирована страница: https://wiki.leagueoflegends.com/en-us/Summoner_spell
2025/05/11 15:58:50 Посещение: https://wiki.leagueoflegends.com/en-us/Item
2025/05/11 15:58:51 Проиндексирована страница: https://wiki.leagueoflegends.com/en-us/Item
2025/05/11 15:58:51 Посещение: https://wiki.leagueoflegends.com/en-us/Minion
2025/05/11 15:58:51 Проиндексирована страница: https://wiki.leagueoflegends.com/en-us/Minion
2025/05/11 15:58:51 Посещение: https://wiki.leagueoflegends.com/en-us/Monster
2025/05/11 15:58:51 Проиндексирована страница: https://wiki.leagueoflegends.com/en-us/Monster
2025/05/11 15:58:51 Посещение: https://wiki.leagueoflegends.com/en-us/Category:Gameplay_elements
2025/05/11 15:58:51 Проиндексирована страница: https://wiki.leagueoflegends.com/en-us/Category:Gameplay_elements
2025/05/11 15:58:51 Посещение: https://wiki.leagueoflegends.com/en-us/Map
2025/05/11 15:58:52 Проиндексирована страница: https://wiki.leagueoflegends.com/en-us/Map
2025/05/11 15:58:52 Посещение: https://wiki.leagueoflegends.com/en-us/Events
2025/05/11 15:58:52 Проиндексирована страница: https://wiki.leagueoflegends.com/en-us/Events
2025/05/11 15:58:52 Посещение: https://wiki.leagueoflegends.com/en-us/Champion_skin
2025/05/11 15:58:52 Проиндексирована страница: https://wiki.leagueoflegends.com/en-us/Champion_skin
2025/05/11 15:58:52 Посещение: https://wiki.leagueoflegends.com/en-us/V25.09
2025/05/11 15:58:52 Проиндексирована страница: https://wiki.leagueoflegends.com/en-us/V25.09
2025/05/11 15:58:52 Посещение: https://wiki.leagueoflegends.com/en-us/VPBE
2025/05/11 15:58:52 Проиндексирована страница: https://wiki.leagueoflegends.com/en-us/VPBE
2025/05/11 15:58:52 Посещение: https://wiki.leagueoflegends.com/en-us/List_of_champions
2025/05/11 15:58:53 Проиндексирована страница: https://wiki.leagueoflegends.com/en-us/List_of_champions
2025/05/11 15:58:53 Посещение: https://wiki.leagueoflegends.com/en-us/Aatrox
2025/05/11 15:58:53 Проиндексирована страница: https://wiki.leagueoflegends.com/en-us/Aatrox
2025/05/11 15:58:53 Посещение: https://wiki.leagueoflegends.com/en-us/Ahri
2025/05/11 15:58:53 Проиндексирована страница: https://wiki.leagueoflegends.com/en-us/Ahri
2025/05/11 15:58:53 Посещение: https://wiki.leagueoflegends.com/en-us/Akali
2025/05/11 15:58:53 Проиндексирована страница: https://wiki.leagueoflegends.com/en-us/Akali
2025/05/11 15:58:53 Посещение: https://wiki.leagueoflegends.com/en-us/Akshan
2025/05/11 15:58:54 Проиндексирована страница: https://wiki.leagueoflegends.com/en-us/Akshan
2025/05/11 15:58:54 Посещение: https://wiki.leagueoflegends.com/en-us/Alistar
2025/05/11 15:58:54 Проиндексирована страница: https://wiki.leagueoflegends.com/en-us/Alistar
2025/05/11 15:58:54 Посещение: https://wiki.leagueoflegends.com/en-us/Ambessa
2025/05/11 15:58:54 Проиндексирована страница: https://wiki.leagueoflegends.com/en-us/Ambessa
2025/05/11 15:58:54 Посещение: https://wiki.leagueoflegends.com/en-us/Amumu
2025/05/11 15:58:55 Проиндексирована страница: https://wiki.leagueoflegends.com/en-us/Amumu
2025/05/11 15:58:55 Посещение: https://wiki.leagueoflegends.com/en-us/Anivia
2025/05/11 15:58:55 Проиндексирована страница: https://wiki.leagueoflegends.com/en-us/Anivia
2025/05/11 15:58:55 Посещение: https://wiki.leagueoflegends.com/en-us/Annie
2025/05/11 15:58:55 Проиндексирована страница: https://wiki.leagueoflegends.com/en-us/Annie
2025/05/11 15:58:55 Посещение: https://wiki.leagueoflegends.com/en-us/Aphelios
2025/05/11 15:58:55 Проиндексирована страница: https://wiki.leagueoflegends.com/en-us/Aphelios
2025/05/11 15:58:55 Посещение: https://wiki.leagueoflegends.com/en-us/Ashe
2025/05/11 15:58:56 Проиндексирована страница: https://wiki.leagueoflegends.com/en-us/Ashe
2025/05/11 15:58:56 Посещение: https://wiki.leagueoflegends.com/en-us/Aurelion_Sol
2025/05/11 15:58:56 Проиндексирована страница: https://wiki.leagueoflegends.com/en-us/Aurelion_Sol
2025/05/11 15:58:56 Посещение: https://wiki.leagueoflegends.com/en-us/Aurora
2025/05/11 15:58:56 Проиндексирована страница: https://wiki.leagueoflegends.com/en-us/Aurora
2025/05/11 15:58:56 Посещение: https://wiki.leagueoflegends.com/en-us/Azir
2025/05/11 15:58:56 Проиндексирована страница: https://wiki.leagueoflegends.com/en-us/Azir
2025/05/11 15:58:56 Посещение: https://wiki.leagueoflegends.com/en-us/Bard
2025/05/11 15:58:57 Проиндексирована страница: https://wiki.leagueoflegends.com/en-us/Bard
2025/05/11 15:58:57 Посещение: https://wiki.leagueoflegends.com/en-us/Bel%27Veth
2025/05/11 15:58:57 Проиндексирована страница: https://wiki.leagueoflegends.com/en-us/Bel%27Veth
2025/05/11 15:58:57 Посещение: https://wiki.leagueoflegends.com/en-us/Blitzcrank
2025/05/11 15:58:57 Проиндексирована страница: https://wiki.leagueoflegends.com/en-us/Blitzcrank
2025/05/11 15:58:57 Посещение: https://wiki.leagueoflegends.com/en-us/Brand
2025/05/11 15:58:57 Проиндексирована страница: https://wiki.leagueoflegends.com/en-us/Brand
2025/05/11 15:58:57 Посещение: https://wiki.leagueoflegends.com/en-us/Braum
2025/05/11 15:58:58 Проиндексирована страница: https://wiki.leagueoflegends.com/en-us/Braum
2025/05/11 15:58:58 Посещение: https://wiki.leagueoflegends.com/en-us/Briar
2025/05/11 15:58:58 Проиндексирована страница: https://wiki.leagueoflegends.com/en-us/Briar
2025/05/11 15:58:58 Посещение: https://wiki.leagueoflegends.com/en-us/Caitlyn
2025/05/11 15:58:58 Проиндексирована страница: https://wiki.leagueoflegends.com/en-us/Caitlyn
2025/05/11 15:58:58 Посещение: https://wiki.leagueoflegends.com/en-us/Camille
2025/05/11 15:58:58 Проиндексирована страница: https://wiki.leagueoflegends.com/en-us/Camille
2025/05/11 15:58:58 Посещение: https://wiki.leagueoflegends.com/en-us/Cassiopeia
2025/05/11 15:58:58 Проиндексирована страница: https://wiki.leagueoflegends.com/en-us/Cassiopeia
2025/05/11 15:58:58 Посещение: https://wiki.leagueoflegends.com/en-us/Cho%27Gath
2025/05/11 15:58:59 Проиндексирована страница: https://wiki.leagueoflegends.com/en-us/Cho%27Gath
2025/05/11 15:58:59 Посещение: https://wiki.leagueoflegends.com/en-us/Corki
2025/05/11 15:58:59 Проиндексирована страница: https://wiki.leagueoflegends.com/en-us/Corki
2025/05/11 15:58:59 Посещение: https://wiki.leagueoflegends.com/en-us/Darius
2025/05/11 15:58:59 Проиндексирована страница: https://wiki.leagueoflegends.com/en-us/Darius
2025/05/11 15:58:59 Посещение: https://wiki.leagueoflegends.com/en-us/Diana
2025/05/11 15:58:59 Проиндексирована страница: https://wiki.leagueoflegends.com/en-us/Diana
2025/05/11 15:58:59 Посещение: https://wiki.leagueoflegends.com/en-us/Dr._Mundo
2025/05/11 15:59:00 Проиндексирована страница: https://wiki.leagueoflegends.com/en-us/Dr._Mundo
2025/05/11 15:59:00 Посещение: https://wiki.leagueoflegends.com/en-us/Draven
2025/05/11 15:59:00 Проиндексирована страница: https://wiki.leagueoflegends.com/en-us/Draven
2025/05/11 15:59:00 Посещение: https://wiki.leagueoflegends.com/en-us/Ekko
2025/05/11 15:59:00 Проиндексирована страница: https://wiki.leagueoflegends.com/en-us/Ekko
2025/05/11 15:59:00 Посещение: https://wiki.leagueoflegends.com/en-us/Elise
2025/05/11 15:59:00 Проиндексирована страница: https://wiki.leagueoflegends.com/en-us/Elise
2025/05/11 15:59:00 Посещение: https://wiki.leagueoflegends.com/en-us/Evelynn
2025/05/11 15:59:01 Проиндексирована страница: https://wiki.leagueoflegends.com/en-us/Evelynn
2025/05/11 15:59:01 Посещение: https://wiki.leagueoflegends.com/en-us/Ezreal
2025/05/11 15:59:01 Проиндексирована страница: https://wiki.leagueoflegends.com/en-us/Ezreal
2025/05/11 15:59:01 Посещение: https://wiki.leagueoflegends.com/en-us/Fiddlesticks
2025/05/11 15:59:01 Проиндексирована страница: https://wiki.leagueoflegends.com/en-us/Fiddlesticks
2025/05/11 15:59:01 Посещение: https://wiki.leagueoflegends.com/en-us/Fiora
2025/05/11 15:59:01 Проиндексирована страница: https://wiki.leagueoflegends.com/en-us/Fiora
2025/05/11 15:59:01 Посещение: https://wiki.leagueoflegends.com/en-us/Fizz
2025/05/11 15:59:02 Проиндексирована страница: https://wiki.leagueoflegends.com/en-us/Fizz
2025/05/11 15:59:02 Посещение: https://wiki.leagueoflegends.com/en-us/Galio
2025/05/11 15:59:02 Проиндексирована страница: https://wiki.leagueoflegends.com/en-us/Galio
2025/05/11 15:59:02 Посещение: https://wiki.leagueoflegends.com/en-us/Gangplank
2025/05/11 15:59:02 Проиндексирована страница: https://wiki.leagueoflegends.com/en-us/Gangplank
2025/05/11 15:59:02 Посещение: https://wiki.leagueoflegends.com/en-us/Garen
2025/05/11 15:59:02 Проиндексирована страница: https://wiki.leagueoflegends.com/en-us/Garen
2025/05/11 15:59:02 Посещение: https://wiki.leagueoflegends.com/en-us/Gnar
2025/05/11 15:59:03 Проиндексирована страница: https://wiki.leagueoflegends.com/en-us/Gnar
2025/05/11 15:59:03 Посещение: https://wiki.leagueoflegends.com/en-us/Gragas
2025/05/11 15:59:03 Проиндексирована страница: https://wiki.leagueoflegends.com/en-us/Gragas
2025/05/11 15:59:03 Посещение: https://wiki.leagueoflegends.com/en-us/Graves
2025/05/11 15:59:03 Проиндексирована страница: https://wiki.leagueoflegends.com/en-us/Graves
2025/05/11 15:59:03 Посещение: https://wiki.leagueoflegends.com/en-us/Gwen
2025/05/11 15:59:03 Проиндексирована страница: https://wiki.leagueoflegends.com/en-us/Gwen
2025/05/11 15:59:03 Посещение: https://wiki.leagueoflegends.com/en-us/Hecarim
2025/05/11 15:59:04 Проиндексирована страница: https://wiki.leagueoflegends.com/en-us/Hecarim
2025/05/11 15:59:04 Посещение: https://wiki.leagueoflegends.com/en-us/Heimerdinger
2025/05/11 15:59:04 Проиндексирована страница: https://wiki.leagueoflegends.com/en-us/Heimerdinger
2025/05/11 15:59:04 Посещение: https://wiki.leagueoflegends.com/en-us/Hwei
2025/05/11 15:59:04 Проиндексирована страница: https://wiki.leagueoflegends.com/en-us/Hwei
2025/05/11 15:59:04 Посещение: https://wiki.leagueoflegends.com/en-us/Illaoi
2025/05/11 15:59:04 Проиндексирована страница: https://wiki.leagueoflegends.com/en-us/Illaoi
2025/05/11 15:59:04 Посещение: https://wiki.leagueoflegends.com/en-us/Irelia
2025/05/11 15:59:05 Проиндексирована страница: https://wiki.leagueoflegends.com/en-us/Irelia
2025/05/11 15:59:05 Посещение: https://wiki.leagueoflegends.com/en-us/Ivern
2025/05/11 15:59:05 Проиндексирована страница: https://wiki.leagueoflegends.com/en-us/Ivern
2025/05/11 15:59:05 Посещение: https://wiki.leagueoflegends.com/en-us/Janna
2025/05/11 15:59:05 Проиндексирована страница: https://wiki.leagueoflegends.com/en-us/Janna
2025/05/11 15:59:05 Посещение: https://wiki.leagueoflegends.com/en-us/Jarvan_IV
2025/05/11 15:59:05 Проиндексирована страница: https://wiki.leagueoflegends.com/en-us/Jarvan_IV
2025/05/11 15:59:05 Посещение: https://wiki.leagueoflegends.com/en-us/Jax
2025/05/11 15:59:06 Проиндексирована страница: https://wiki.leagueoflegends.com/en-us/Jax
2025/05/11 15:59:06 Посещение: https://wiki.leagueoflegends.com/en-us/Jayce
2025/05/11 15:59:06 Проиндексирована страница: https://wiki.leagueoflegends.com/en-us/Jayce
2025/05/11 15:59:06 Посещение: https://wiki.leagueoflegends.com/en-us/Jhin
2025/05/11 15:59:06 Проиндексирована страница: https://wiki.leagueoflegends.com/en-us/Jhin
2025/05/11 15:59:06 Посещение: https://wiki.leagueoflegends.com/en-us/Jinx
2025/05/11 15:59:06 Проиндексирована страница: https://wiki.leagueoflegends.com/en-us/Jinx
2025/05/11 15:59:06 Посещение: https://wiki.leagueoflegends.com/en-us/K%27Sante
2025/05/11 15:59:07 Проиндексирована страница: https://wiki.leagueoflegends.com/en-us/K%27Sante
2025/05/11 15:59:07 Посещение: https://wiki.leagueoflegends.com/en-us/Kai%27Sa
2025/05/11 15:59:07 Проиндексирована страница: https://wiki.leagueoflegends.com/en-us/Kai%27Sa
2025/05/11 15:59:07 Посещение: https://wiki.leagueoflegends.com/en-us/Kalista
2025/05/11 15:59:07 Проиндексирована страница: https://wiki.leagueoflegends.com/en-us/Kalista
2025/05/11 15:59:07 Посещение: https://wiki.leagueoflegends.com/en-us/Karma
2025/05/11 15:59:07 Проиндексирована страница: https://wiki.leagueoflegends.com/en-us/Karma
2025/05/11 15:59:07 Посещение: https://wiki.leagueoflegends.com/en-us/Karthus
2025/05/11 15:59:08 Проиндексирована страница: https://wiki.leagueoflegends.com/en-us/Karthus
2025/05/11 15:59:08 Посещение: https://wiki.leagueoflegends.com/en-us/Kassadin
2025/05/11 15:59:08 Проиндексирована страница: https://wiki.leagueoflegends.com/en-us/Kassadin
2025/05/11 15:59:08 Посещение: https://wiki.leagueoflegends.com/en-us/Katarina
2025/05/11 15:59:08 Проиндексирована страница: https://wiki.leagueoflegends.com/en-us/Katarina
2025/05/11 15:59:08 Посещение: https://wiki.leagueoflegends.com/en-us/Kayle
2025/05/11 15:59:08 Проиндексирована страница: https://wiki.leagueoflegends.com/en-us/Kayle
2025/05/11 15:59:08 Посещение: https://wiki.leagueoflegends.com/en-us/Kayn
2025/05/11 15:59:09 Проиндексирована страница: https://wiki.leagueoflegends.com/en-us/Kayn
2025/05/11 15:59:09 Посещение: https://wiki.leagueoflegends.com/en-us/Kennen
2025/05/11 15:59:09 Проиндексирована страница: https://wiki.leagueoflegends.com/en-us/Kennen
2025/05/11 15:59:09 Посещение: https://wiki.leagueoflegends.com/en-us/Kha%27Zix
2025/05/11 15:59:09 Проиндексирована страница: https://wiki.leagueoflegends.com/en-us/Kha%27Zix
2025/05/11 15:59:09 Посещение: https://wiki.leagueoflegends.com/en-us/Kindred
2025/05/11 15:59:09 Проиндексирована страница: https://wiki.leagueoflegends.com/en-us/Kindred
2025/05/11 15:59:09 Посещение: https://wiki.leagueoflegends.com/en-us/Kled
2025/05/11 15:59:10 Проиндексирована страница: https://wiki.leagueoflegends.com/en-us/Kled
2025/05/11 15:59:10 Посещение: https://wiki.leagueoflegends.com/en-us/Kog%27Maw
2025/05/11 15:59:10 Проиндексирована страница: https://wiki.leagueoflegends.com/en-us/Kog%27Maw
2025/05/11 15:59:10 Посещение: https://wiki.leagueoflegends.com/en-us/LeBlanc
2025/05/11 15:59:10 Проиндексирована страница: https://wiki.leagueoflegends.com/en-us/LeBlanc
2025/05/11 15:59:10 Посещение: https://wiki.leagueoflegends.com/en-us/Lee_Sin
2025/05/11 15:59:11 Проиндексирована страница: https://wiki.leagueoflegends.com/en-us/Lee_Sin
2025/05/11 15:59:11 Посещение: https://wiki.leagueoflegends.com/en-us/Leona
2025/05/11 15:59:11 Проиндексирована страница: https://wiki.leagueoflegends.com/en-us/Leona
2025/05/11 15:59:11 Посещение: https://wiki.leagueoflegends.com/en-us/Lillia
2025/05/11 15:59:11 Проиндексирована страница: https://wiki.leagueoflegends.com/en-us/Lillia
2025/05/11 15:59:11 Посещение: https://wiki.leagueoflegends.com/en-us/Lissandra
2025/05/11 15:59:11 Проиндексирована страница: https://wiki.leagueoflegends.com/en-us/Lissandra
2025/05/11 15:59:11 Посещение: https://wiki.leagueoflegends.com/en-us/Lucian
2025/05/11 15:59:12 Проиндексирована страница: https://wiki.leagueoflegends.com/en-us/Lucian
2025/05/11 15:59:12 Посещение: https://wiki.leagueoflegends.com/en-us/Lulu
2025/05/11 15:59:12 Проиндексирована страница: https://wiki.leagueoflegends.com/en-us/Lulu
2025/05/11 15:59:12 Посещение: https://wiki.leagueoflegends.com/en-us/Lux
2025/05/11 15:59:12 Проиндексирована страница: https://wiki.leagueoflegends.com/en-us/Lux
2025/05/11 15:59:12 Посещение: https://wiki.leagueoflegends.com/en-us/Malphite
2025/05/11 15:59:12 Проиндексирована страница: https://wiki.leagueoflegends.com/en-us/Malphite
2025/05/11 15:59:12 Посещение: https://wiki.leagueoflegends.com/en-us/Malzahar
2025/05/11 15:59:13 Проиндексирована страница: https://wiki.leagueoflegends.com/en-us/Malzahar
2025/05/11 15:59:13 Посещение: https://wiki.leagueoflegends.com/en-us/Maokai
2025/05/11 15:59:13 Проиндексирована страница: https://wiki.leagueoflegends.com/en-us/Maokai
2025/05/11 15:59:13 Посещение: https://wiki.leagueoflegends.com/en-us/Master_Yi
2025/05/11 15:59:13 Проиндексирована страница: https://wiki.leagueoflegends.com/en-us/Master_Yi
2025/05/11 15:59:13 Посещение: https://wiki.leagueoflegends.com/en-us/Mel
2025/05/11 15:59:13 Проиндексирована страница: https://wiki.leagueoflegends.com/en-us/Mel
2025/05/11 15:59:13 Посещение: https://wiki.leagueoflegends.com/en-us/Milio
2025/05/11 15:59:14 Проиндексирована страница: https://wiki.leagueoflegends.com/en-us/Milio
2025/05/11 15:59:14 Посещение: https://wiki.leagueoflegends.com/en-us/Miss_Fortune
2025/05/11 15:59:14 Проиндексирована страница: https://wiki.leagueoflegends.com/en-us/Miss_Fortune
2025/05/11 15:59:14 Посещение: https://wiki.leagueoflegends.com/en-us/Mordekaiser
2025/05/11 15:59:14 Проиндексирована страница: https://wiki.leagueoflegends.com/en-us/Mordekaiser
2025/05/11 15:59:14 Посещение: https://wiki.leagueoflegends.com/en-us/Morgana
2025/05/11 15:59:14 Проиндексирована страница: https://wiki.leagueoflegends.com/en-us/Morgana
2025/05/11 15:59:14 Посещение: https://wiki.leagueoflegends.com/en-us/Naafiri
2025/05/11 15:59:15 Проиндексирована страница: https://wiki.leagueoflegends.com/en-us/Naafiri
2025/05/11 15:59:15 Посещение: https://wiki.leagueoflegends.com/en-us/Nami
2025/05/11 15:59:15 Проиндексирована страница: https://wiki.leagueoflegends.com/en-us/Nami
2025/05/11 15:59:15 Посещение: https://wiki.leagueoflegends.com/en-us/Nasus
2025/05/11 15:59:15 Проиндексирована страница: https://wiki.leagueoflegends.com/en-us/Nasus
2025/05/11 15:59:15 Посещение: https://wiki.leagueoflegends.com/en-us/Nautilus
2025/05/11 15:59:15 Проиндексирована страница: https://wiki.leagueoflegends.com/en-us/Nautilus
2025/05/11 15:59:15 Посещение: https://wiki.leagueoflegends.com/en-us/Neeko
2025/05/11 15:59:16 Проиндексирована страница: https://wiki.leagueoflegends.com/en-us/Neeko
2025/05/11 15:59:16 Посещение: https://wiki.leagueoflegends.com/en-us/Nidalee
2025/05/11 15:59:16 Проиндексирована страница: https://wiki.leagueoflegends.com/en-us/Nidalee
2025/05/11 15:59:16 Посещение: https://wiki.leagueoflegends.com/en-us/Nilah
2025/05/11 15:59:16 Проиндексирована страница: https://wiki.leagueoflegends.com/en-us/Nilah
2025/05/11 15:59:16 Посещение: https://wiki.leagueoflegends.com/en-us/Nocturne
2025/05/11 15:59:16 Проиндексирована страница: https://wiki.leagueoflegends.com/en-us/Nocturne
2025/05/11 15:59:16 Посещение: https://wiki.leagueoflegends.com/en-us/Nunu_%26_Willump
2025/05/11 15:59:16 Проиндексирована страница: https://wiki.leagueoflegends.com/en-us/Nunu_%26_Willump
2025/05/11 15:59:16 Посещение: https://wiki.leagueoflegends.com/en-us/Olaf
2025/05/11 15:59:17 Проиндексирована страница: https://wiki.leagueoflegends.com/en-us/Olaf
2025/05/11 15:59:17 Посещение: https://wiki.leagueoflegends.com/en-us/Orianna
2025/05/11 15:59:17 Проиндексирована страница: https://wiki.leagueoflegends.com/en-us/Orianna
2025/05/11 15:59:17 Посещение: https://wiki.leagueoflegends.com/en-us/Ornn
2025/05/11 15:59:17 Проиндексирована страница: https://wiki.leagueoflegends.com/en-us/Ornn
2025/05/11 15:59:17 Посещение: https://wiki.leagueoflegends.com/en-us/Pantheon
2025/05/11 15:59:17 Проиндексирована страница: https://wiki.leagueoflegends.com/en-us/Pantheon
2025/05/11 15:59:17 Посещение: https://wiki.leagueoflegends.com/en-us/Poppy
2025/05/11 16:02:18 Посещение: https://ru.wikipedia.org/wiki/Go
2025/05/11 16:02:23 Посещение: https://ru.wikipedia.org/wiki/Go!
2025/05/11 16:02:23 Проиндексирована страница: https://ru.wikipedia.org/wiki/Go!
2025/05/11 16:02:23 Посещение: https://ru.wikipedia.org/wiki/Go_(%D0%B7%D0%BD%D0%B0%D1%87%D0%B5%D0%BD%D0%B8%D1%8F)
2025/05/11 16:02:24 Проиндексирована страница: https://ru.wikipedia.org/wiki/Go_(%D0%B7%D0%BD%D0%B0%D1%87%D0%B5%D0%BD%D0%B8%D1%8F)
2025/05/11 16:02:24 Посещение: https://ru.wikipedia.org/wiki/%D0%A4%D0%B0%D0%B9%D0%BB:Go_Logo_Blue.svg
2025/05/11 16:02:25 Проиндексирована страница: https://ru.wikipedia.org/wiki/%D0%A4%D0%B0%D0%B9%D0%BB:Go_Logo_Blue.svg
2025/05/11 16:02:25 Посещение: https://ru.wikipedia.org/wiki/%D0%9F%D0%B0%D1%80%D0%B0%D0%BB%D0%BB%D0%B5%D0%BB%D1%8C%D0%BD%D1%8B%D0%B5_%D0%B2%D1%8B%D1%87%D0%B8%D1%81%D0%BB%D0%B8%D1%82%D0%B5%D0%BB%D1%8C%D0%BD%D1%8B%D0%B5_%D1%81%D0%B8%D1%81%D1%82%D0%B5%D0%BC%D1%8B
2025/05/11 16:02:26 Проиндексирована страница: https://ru.wikipedia.org/wiki/%D0%9F%D0%B0%D1%80%D0%B0%D0%BB%D0%BB%D0%B5%D0%BB%D1%8C%D0%BD%D1%8B%D0%B5_%D0%B2%D1%8B%D1%87%D0%B8%D1%81%D0%BB%D0%B8%D1%82%D0%B5%D0%BB%D1%8C%D0%BD%D1%8B%D0%B5_%D1%81%D0%B8%D1%81%D1%82%D0%B5%D0%BC%D1%8B
2025/05/11 16:02:26 Посещение: https://ru.wikipedia.org/wiki/%D0%98%D0%BC%D0%BF%D0%B5%D1%80%D0%B0%D1%82%D0%B8%D0%B2%D0%BD%D0%BE%D0%B5_%D0%BF%D1%80%D0%BE%D0%B3%D1%80%D0%B0%D0%BC%D0%BC%D0%B8%D1%80%D0%BE%D0%B2%D0%B0%D0%BD%D0%B8%D0%B5
2025/05/11 16:02:26 Проиндексирована страница: https://ru.wikipedia.org/wiki/%D0%98%D0%BC%D0%BF%D0%B5%D1%80%D0%B0%D1%82%D0%B8%D0%B2%D0%BD%D0%BE%D0%B5_%D0%BF%D1%80%D0%BE%D0%B3%D1%80%D0%B0%D0%BC%D0%BC%D0%B8%D1%80%D0%BE%D0%B2%D0%B0%D0%BD%D0%B8%D0%B5
2025/05/11 16:02:26 Посещение: https://ru.wikipedia.org/wiki/%D0%A1%D1%82%D1%80%D1%83%D0%BA%D1%82%D1%83%D1%80%D0%BD%D0%BE%D0%B5_%D0%BF%D1%80%D0%BE%D0%B3%D1%80%D0%B0%D0%BC%D0%BC%D0%B8%D1%80%D0%BE%D0%B2%D0%B0%D0%BD%D0%B8%D0%B5
2025/05/11 16:02:27 Проиндексирована страница: https://ru.wikipedia.org/wiki/%D0%A1%D1%82%D1%80%D1%83%D0%BA%D1%82%D1%83%D1%80%D0%BD%D0%BE%D0%B5_%D0%BF%D1%80%D0%BE%D0%B3%D1%80%D0%B0%D0%BC%D0%BC%D0%B8%D1%80%D0%BE%D0%B2%D0%B0%D0%BD%D0%B8%D0%B5
2025/05/11 16:02:27 Посещение: https://ru.wikipedia.org/wiki/%D0%9C%D0%BE%D0%B4%D1%83%D0%BB%D1%8C%D0%BD%D0%BE%D0%B5_%D0%BF%D1%80%D0%BE%D0%B3%D1%80%D0%B0%D0%BC%D0%BC%D0%B8%D1%80%D0%BE%D0%B2%D0%B0%D0%BD%D0%B8%D0%B5
2025/05/11 16:02:27 Проиндексирована страница: https://ru.wikipedia.org/wiki/%D0%9C%D0%BE%D0%B4%D1%83%D0%BB%D1%8C%D0%BD%D0%BE%D0%B5_%D0%BF%D1%80%D0%BE%D0%B3%D1%80%D0%B0%D0%BC%D0%BC%D0%B8%D1%80%D0%BE%D0%B2%D0%B0%D0%BD%D0%B8%D0%B5
2025/05/11 16:02:27 Посещение: https://ru.wikipedia.org/wiki/%D0%9E%D0%B1%D1%8A%D0%B5%D0%BA%D1%82%D0%BD%D0%BE-%D0%BE%D1%80%D0%B8%D0%B5%D0%BD%D1%82%D0%B8%D1%80%D0%BE%D0%B2%D0%B0%D0%BD%D0%BD%D0%BE%D0%B5_%D0%BF%D1%80%D0%BE%D0%B3%D1%80%D0%B0%D0%BC%D0%BC%D0%B8%D1%80%D0%BE%D0%B2%D0%B0%D0%BD%D0%B8%D0%B5
2025/05/11 16:02:30 Проиндексирована страница: https://ru.wikipedia.org/wiki/%D0%9E%D0%B1%D1%8A%D0%B5%D0%BA%D1%82%D0%BD%D0%BE-%D0%BE%D1%80%D0%B8%D0%B5%D0%BD%D1%82%D0%B8%D1%80%D0%BE%D0%B2%D0%B0%D0%BD%D0%BD%D0%BE%D0%B5_%D0%BF%D1%80%D0%BE%D0%B3%D1%80%D0%B0%D0%BC%D0%BC%D0%B8%D1%80%D0%BE%D0%B2%D0%B0%D0%BD%D0%B8%D0%B5
2025/05/11 16:02:30 Посещение: https://ru.wikipedia.org/wiki/%D0%9A%D0%BE%D0%BC%D0%BF%D0%B8%D0%BB%D1%8F%D1%82%D0%BE%D1%80
2025/05/11 16:02:31 Проиндексирована страница: https://ru.wikipedia.org/wiki/%D0%9A%D0%BE%D0%BC%D0%BF%D0%B8%D0%BB%D1%8F%D1%82%D0%BE%D1%80
2025/05/11 16:02:31 Посещение: https://ru.wikipedia.org/wiki/10_%D0%BD%D0%BE%D1%8F%D0%B1%D1%80%D1%8F
2025/05/11 16:02:32 Проиндексирована страница: https://ru.wikipedia.org/wiki/10_%D0%BD%D0%BE%D1%8F%D0%B1%D1%80%D1%8F
2025/05/11 16:02:32 Посещение: https://ru.wikipedia.org/wiki/2009_%D0%B3%D0%BE%D0%B4
2025/05/11 16:02:33 Проиндексирована страница: https://ru.wikipedia.org/wiki/2009_%D0%B3%D0%BE%D0%B4
2025/05/11 16:02:33 Посещение: https://ru.wikipedia.org/w/index.php?title=%D0%93%D1%80%D0%B8%D0%B7%D0%BC%D0%B5%D1%80,_%D0%A0%D0%BE%D0%B1%D0%B5%D1%80%D1%82&action=edit&redlink=1
2025/05/11 16:02:36 Проиндексирована страница: https://ru.wikipedia.org/w/index.php?title=%D0%93%D1%80%D0%B8%D0%B7%D0%BC%D0%B5%D1%80,_%D0%A0%D0%BE%D0%B1%D0%B5%D1%80%D1%82&action=edit&redlink=1
2025/05/11 16:02:36 Посещение: https://ru.wikipedia.org/wiki/%D0%9F%D0%B0%D0%B9%D0%BA,_%D0%A0%D0%BE%D0%B1
2025/05/11 16:02:36 Проиндексирована страница: https://ru.wikipedia.org/wiki/%D0%9F%D0%B0%D0%B9%D0%BA,_%D0%A0%D0%BE%D0%B1
2025/05/11 16:02:36 Посещение: https://ru.wikipedia.org/wiki/%D0%A2%D0%BE%D0%BC%D0%BF%D1%81%D0%BE%D0%BD,_%D0%9A%D0%B5%D0%BD
2025/05/11 16:02:37 Проиндексирована страница: https://ru.wikipedia.org/wiki/%D0%A2%D0%BE%D0%BC%D0%BF%D1%81%D0%BE%D0%BD,_%D0%9A%D0%B5%D0%BD
2025/05/11 16:02:37 Посещение: https://ru.wikipedia.org/wiki/Google_(%D0%BA%D0%BE%D0%BC%D0%BF%D0%B0%D0%BD%D0%B8%D1%8F)
2025/05/11 16:02:37 Проиндексирована страница: https://ru.wikipedia.org/wiki/Google_(%D0%BA%D0%BE%D0%BC%D0%BF%D0%B0%D0%BD%D0%B8%D1%8F)
2025/05/11 16:02:37 Посещение: https://ru.wikipedia.org/w/index.php?title=The_Go_Authors&action=edit&editintro=T:Нет_статьи/editintro&preload=T:Нет_статьи/preload&preloadparams%5B%5D=Q66022953&preloadparams%5B%5D=The+Go+Authors&preloadparams%5B%5D=%D0%A3%D0%BD%D0%B8%D0%B2%D0%B5%D1%80%D1%81%D0%B0%D0%BB%D1%8C%D0%BD%D0%B0%D1%8F+%D0%BA%D0%B0%D1%80%D1%82%D0%BE%D1%87%D0%BA%D0%B0
2025/05/11 16:02:37 Посещение: https://www.wikidata.org/wiki/Q66022953
2025/05/11 16:02:44 Проиндексирована страница: https://www.wikidata.org/wiki/Q66022953
2025/05/11 16:02:44 Посещение: https://ru.wikipedia.org/w/index.php?title=%D0%A0%D0%BE%D0%B1%D0%B5%D1%80%D1%82_%D0%93%D1%80%D0%B8%D0%B7%D0%BC%D0%B5%D1%80&action=edit&editintro=T:Нет_статьи/editintro&preload=T:Нет_статьи/preload&preloadparams%5B%5D=Q16729446&preloadparams%5B%5D=%D0%A0%D0%BE%D0%B1%D0%B5%D1%80%D1%82+%D0%93%D1%80%D0%B8%D0%B7%D0%BC%D0%B5%D1%80&preloadparams%5B%5D=%D0%9F%D0%B5%D1%80%D1%81%D0%BE%D0%BD%D0%B0
2025/05/11 16:02:44 Посещение: https://www.wikidata.org/wiki/Q16729446
2025/05/11 16:02:45 Проиндексирована страница: https://www.wikidata.org/wiki/Q16729446
2025/05/11 16:02:45 Посещение: https://ru.wikipedia.org/wiki/%D0%A0%D0%B0%D1%81%D1%88%D0%B8%D1%80%D0%B5%D0%BD%D0%B8%D0%B5_%D0%B8%D0%BC%D0%B5%D0%BD%D0%B8_%D1%84%D0%B0%D0%B9%D0%BB%D0%B0
2025/05/11 16:02:46 Проиндексирована страница: https://ru.wikipedia.org/wiki/%D0%A0%D0%B0%D1%81%D1%88%D0%B8%D1%80%D0%B5%D0%BD%D0%B8%D0%B5_%D0%B8%D0%BC%D0%B5%D0%BD%D0%B8_%D1%84%D0%B0%D0%B9%D0%BB%D0%B0
2025/05/11 16:02:46 Посещение: https://ru.wikipedia.org/wiki/%D0%A1%D1%82%D0%B0%D0%B4%D0%B8%D0%B8_%D1%80%D0%B0%D0%B7%D1%80%D0%B0%D0%B1%D0%BE%D1%82%D0%BA%D0%B8_%D0%BF%D1%80%D0%BE%D0%B3%D1%80%D0%B0%D0%BC%D0%BC%D0%BD%D0%BE%D0%B3%D0%BE_%D0%BE%D0%B1%D0%B5%D1%81%D0%BF%D0%B5%D1%87%D0%B5%D0%BD%D0%B8%D1%8F
2025/05/11 16:02:46 Проиндексирована страница: https://ru.wikipedia.org/wiki/%D0%A1%D1%82%D0%B0%D0%B4%D0%B8%D0%B8_%D1%80%D0%B0%D0%B7%D1%80%D0%B0%D0%B1%D0%BE%D1%82%D0%BA%D0%B8_%D0%BF%D1%80%D0%BE%D0%B3%D1%80%D0%B0%D0%BC%D0%BC%D0%BD%D0%BE%D0%B3%D0%BE_%D0%BE%D0%B1%D0%B5%D1%81%D0%BF%D0%B5%D1%87%D0%B5%D0%BD%D0%B8%D1%8F
2025/05/11 16:02:46 Посещение: https://ru.wikipedia.org/wiki/6_%D0%BC%D0%B0%D1%8F
2025/05/11 16:02:47 Проиндексирована страница: https://ru.wikipedia.org/wiki/6_%D0%BC%D0%B0%D1%8F
2025/05/11 16:02:47 Посещение: https://ru.wikipedia.org/wiki/2025_%D0%B3%D0%BE%D0%B4
2025/05/11 16:02:47 Проиндексирована страница: https://ru.wikipedia.org/wiki/2025_%D0%B3%D0%BE%D0%B4
2025/05/11 16:02:47 Посещение: https://ru.wikipedia.org/wiki/%D0%A1%D0%B8%D1%81%D1%82%D0%B5%D0%BC%D0%B0_%D1%82%D0%B8%D0%BF%D0%BE%D0%B2
2025/05/11 16:02:47 Проиндексирована страница: https://ru.wikipedia.org/wiki/%D0%A1%D0%B8%D1%81%D1%82%D0%B5%D0%BC%D0%B0_%D1%82%D0%B8%D0%BF%D0%BE%D0%B2
2025/05/11 16:02:47 Посещение: https://ru.wikipedia.org/wiki/%D0%A1%D1%82%D1%80%D0%BE%D0%B3%D0%B0%D1%8F_%D1%82%D0%B8%D0%BF%D0%B8%D0%B7%D0%B0%D1%86%D0%B8%D1%8F
2025/05/11 16:02:49 Проиндексирована страница: https://ru.wikipedia.org/wiki/%D0%A1%D1%82%D1%80%D0%BE%D0%B3%D0%B0%D1%8F_%D1%82%D0%B8%D0%BF%D0%B8%D0%B7%D0%B0%D1%86%D0%B8%D1%8F
2025/05/11 16:02:49 Посещение: https://ru.wikipedia.org/wiki/%D0%A1%D1%82%D0%B0%D1%82%D0%B8%D1%87%D0%B5%D1%81%D0%BA%D0%B0%D1%8F_%D1%82%D0%B8%D0%BF%D0%B8%D0%B7%D0%B0%D1%86%D0%B8%D1%8F
2025/05/11 16:02:50 Проиндексирована страница: https://ru.wikipedia.org/wiki/%D0%A1%D1%82%D0%B0%D1%82%D0%B8%D1%87%D0%B5%D1%81%D0%BA%D0%B0%D1%8F_%D1%82%D0%B8%D0%BF%D0%B8%D0%B7%D0%B0%D1%86%D0%B8%D1%8F
2025/05/11 16:02:50 Посещение: https://ru.wikipedia.org/wiki/%D0%92%D1%8B%D0%B2%D0%BE%D0%B4_%D1%82%D0%B8%D0%BF%D0%BE%D0%B2
2025/05/11 16:02:51 Проиндексирована страница: https://ru.wikipedia.org/wiki/%D0%92%D1%8B%D0%B2%D0%BE%D0%B4_%D1%82%D0%B8%D0%BF%D0%BE%D0%B2
2025/05/11 16:02:51 Посещение: https://ru.wikipedia.org/wiki/%D0%A1%D0%B8_(%D1%8F%D0%B7%D1%8B%D0%BA_%D0%BF%D1%80%D0%BE%D0%B3%D1%80%D0%B0%D0%BC%D0%BC%D0%B8%D1%80%D0%BE%D0%B2%D0%B0%D0%BD%D0%B8%D1%8F)
2025/05/11 16:02:51 Проиндексирована страница: https://ru.wikipedia.org/wiki/%D0%A1%D0%B8_(%D1%8F%D0%B7%D1%8B%D0%BA_%D0%BF%D1%80%D0%BE%D0%B3%D1%80%D0%B0%D0%BC%D0%BC%D0%B8%D1%80%D0%BE%D0%B2%D0%B0%D0%BD%D0%B8%D1%8F)
2025/05/11 16:02:51 Посещение: https://ru.wikipedia.org/wiki/%D0%9E%D0%B1%D0%B5%D1%80%D0%BE%D0%BD-2
2025/05/11 16:02:52 Проиндексирована страница: https://ru.wikipedia.org/wiki/%D0%9E%D0%B1%D0%B5%D1%80%D0%BE%D0%BD-2
2025/05/11 16:02:52 Посещение: https://ru.wikipedia.org/wiki/Limbo
2025/05/11 16:02:53 Проиндексирована страница: https://ru.wikipedia.org/wiki/Limbo
2025/05/11 16:02:53 Посещение: https://ru.wikipedia.org/wiki/Active_Oberon
2025/05/11 16:02:53 Проиндексирована страница: https://ru.wikipedia.org/wiki/Active_Oberon
2025/05/11 16:02:53 Посещение: https://ru.wikipedia.org/wiki/%D0%A2%D0%B5%D0%BE%D1%80%D0%B8%D1%8F_%D0%B2%D0%B7%D0%B0%D0%B8%D0%BC%D0%BE%D0%B4%D0%B5%D0%B9%D1%81%D1%82%D0%B2%D1%83%D1%8E%D1%89%D0%B8%D1%85_%D0%BF%D0%BE%D1%81%D0%BB%D0%B5%D0%B4%D0%BE%D0%B2%D0%B0%D1%82%D0%B5%D0%BB%D1%8C%D0%BD%D1%8B%D1%85_%D0%BF%D1%80%D0%BE%D1%86%D0%B5%D1%81%D1%81%D0%BE%D0%B2
2025/05/11 16:02:54 Проиндексирована страница: https://ru.wikipedia.org/wiki/%D0%A2%D0%B5%D0%BE%D1%80%D0%B8%D1%8F_%D0%B2%D0%B7%D0%B0%D0%B8%D0%BC%D0%BE%D0%B4%D0%B5%D0%B9%D1%81%D1%82%D0%B2%D1%83%D1%8E%D1%89%D0%B8%D1%85_%D0%BF%D0%BE%D1%81%D0%BB%D0%B5%D0%B4%D0%BE%D0%B2%D0%B0%D1%82%D0%B5%D0%BB%D1%8C%D0%BD%D1%8B%D1%85_%D0%BF%D1%80%D0%BE%D1%86%D0%B5%D1%81%D1%81%D0%BE%D0%B2
2025/05/11 16:02:54 Посещение: https://ru.wikipedia.org/wiki/%D0%9F%D0%B0%D1%81%D0%BA%D0%B0%D0%BB%D1%8C_(%D1%8F%D0%B7%D1%8B%D0%BA_%D0%BF%D1%80%D0%BE%D0%B3%D1%80%D0%B0%D0%BC%D0%BC%D0%B8%D1%80%D0%BE%D0%B2%D0%B0%D0%BD%D0%B8%D1%8F)
2025/05/11 16:02:54 Проиндексирована страница: https://ru.wikipedia.org/wiki/%D0%9F%D0%B0%D1%81%D0%BA%D0%B0%D0%BB%D1%8C_(%D1%8F%D0%B7%D1%8B%D0%BA_%D0%BF%D1%80%D0%BE%D0%B3%D1%80%D0%B0%D0%BC%D0%BC%D0%B8%D1%80%D0%BE%D0%B2%D0%B0%D0%BD%D0%B8%D1%8F)
2025/05/11 16:02:54 Посещение: https://ru.wikipedia.org/wiki/%D0%9E%D0%B1%D0%B5%D1%80%D0%BE%D0%BD_(%D1%8F%D0%B7%D1%8B%D0%BA_%D0%BF%D1%80%D0%BE%D0%B3%D1%80%D0%B0%D0%BC%D0%BC%D0%B8%D1%80%D0%BE%D0%B2%D0%B0%D0%BD%D0%B8%D1%8F)
2025/05/11 16:02:54 Проиндексирована страница: https://ru.wikipedia.org/wiki/%D0%9E%D0%B1%D0%B5%D1%80%D0%BE%D0%BD_(%D1%8F%D0%B7%D1%8B%D0%BA_%D0%BF%D1%80%D0%BE%D0%B3%D1%80%D0%B0%D0%BC%D0%BC%D0%B8%D1%80%D0%BE%D0%B2%D0%B0%D0%BD%D0%B8%D1%8F)
2025/05/11 16:02:54 Посещение: https://ru.wikipedia.org/wiki/Smalltalk
2025/05/11 16:02:55 Проиндексирована страница: https://ru.wikipedia.org/wiki/Smalltalk
2025/05/11 16:02:55 Посещение: https://ru.wikipedia.org/w/index.php?title=Newsqueak&action=edit&editintro=T:Нет_статьи/editintro&preload=T:Нет_статьи/preload&preloadparams%5B%5D=Q262003&preloadparams%5B%5D=Newsqueak&preloadparams%5B%5D=%D0%A3%D0%BD%D0%B8%D0%B2%D0%B5%D1%80%D1%81%D0%B0%D0%BB%D1%8C%D0%BD%D0%B0%D1%8F+%D0%BA%D0%B0%D1%80%D1%82%D0%BE%D1%87%D0%BA%D0%B0
2025/05/11 16:02:56 Посещение: https://www.wikidata.org/wiki/Q262003
2025/05/11 16:02:57 Проиндексирована страница: https://www.wikidata.org/wiki/Q262003
2025/05/11 16:02:57 Посещение: https://ru.wikipedia.org/wiki/%D0%9C%D0%BE%D0%B4%D1%83%D0%BB%D0%B0-2
2025/05/11 16:02:57 Проиндексирована страница: https://ru.wikipedia.org/wiki/%D0%9C%D0%BE%D0%B4%D1%83%D0%BB%D0%B0-2
2025/05/11 16:02:57 Посещение: https://ru.wikipedia.org/w/index.php?title=Alef&action=edit&editintro=T:Нет_статьи/editintro&preload=T:Нет_статьи/preload&preloadparams%5B%5D=Q1895587&preloadparams%5B%5D=Alef&preloadparams%5B%5D=%D0%A3%D0%BD%D0%B8%D0%B2%D0%B5%D1%80%D1%81%D0%B0%D0%BB%D1%8C%D0%BD%D0%B0%D1%8F+%D0%BA%D0%B0%D1%80%D1%82%D0%BE%D1%87%D0%BA%D0%B0
2025/05/11 16:02:59 Посещение: https://www.wikidata.org/wiki/Q1895587
2025/05/11 16:02:59 Проиндексирована страница: https://www.wikidata.org/wiki/Q1895587
2025/05/11 16:02:59 Посещение: https://ru.wikipedia.org/wiki/APL_(%D1%8F%D0%B7%D1%8B%D0%BA_%D0%BF%D1%80%D0%BE%D0%B3%D1%80%D0%B0%D0%BC%D0%BC%D0%B8%D1%80%D0%BE%D0%B2%D0%B0%D0%BD%D0%B8%D1%8F)
2025/05/11 16:03:00 Проиндексирована страница: https://ru.wikipedia.org/wiki/APL_(%D1%8F%D0%B7%D1%8B%D0%BA_%D0%BF%D1%80%D0%BE%D0%B3%D1%80%D0%B0%D0%BC%D0%BC%D0%B8%D1%80%D0%BE%D0%B2%D0%B0%D0%BD%D0%B8%D1%8F)
2025/05/11 16:03:00 Посещение: https://ru.wikipedia.org/wiki/BCPL
2025/05/11 16:03:00 Проиндексирована страница: https://ru.wikipedia.org/wiki/BCPL
2025/05/11 16:03:00 Посещение: https://ru.wikipedia.org/wiki/%D0%9C%D0%BE%D0%B4%D1%83%D0%BB%D0%B0
2025/05/11 16:03:01 Проиндексирована страница: https://ru.wikipedia.org/wiki/%D0%9C%D0%BE%D0%B4%D1%83%D0%BB%D0%B0
2025/05/11 16:03:01 Посещение: https://ru.wikipedia.org/wiki/%D0%9E%D0%BA%D0%BA%D0%B0%D0%BC_(%D1%8F%D0%B7%D1%8B%D0%BA_%D0%BF%D1%80%D0%BE%D0%B3%D1%80%D0%B0%D0%BC%D0%BC%D0%B8%D1%80%D0%BE%D0%B2%D0%B0%D0%BD%D0%B8%D1%8F)
2025/05/11 16:03:02 Проиндексирована страница: https://ru.wikipedia.org/wiki/%D0%9E%D0%BA%D0%BA%D0%B0%D0%BC_(%D1%8F%D0%B7%D1%8B%D0%BA_%D0%BF%D1%80%D0%BE%D0%B3%D1%80%D0%B0%D0%BC%D0%BC%D0%B8%D1%80%D0%BE%D0%B2%D0%B0%D0%BD%D0%B8%D1%8F)
2025/05/11 16:03:02 Посещение: https://ru.wikipedia.org/wiki/%D0%9B%D0%B8%D1%86%D0%B5%D0%BD%D0%B7%D0%B8%D1%8F_%D0%BD%D0%B0_%D0%BF%D1%80%D0%BE%D0%B3%D1%80%D0%B0%D0%BC%D0%BC%D0%BD%D0%BE%D0%B5_%D0%BE%D0%B1%D0%B5%D1%81%D0%BF%D0%B5%D1%87%D0%B5%D0%BD%D0%B8%D0%B5
2025/05/11 16:03:02 Проиндексирована страница: https://ru.wikipedia.org/wiki/%D0%9B%D0%B8%D1%86%D0%B5%D0%BD%D0%B7%D0%B8%D1%8F_%D0%BD%D0%B0_%D0%BF%D1%80%D0%BE%D0%B3%D1%80%D0%B0%D0%BC%D0%BC%D0%BD%D0%BE%D0%B5_%D0%BE%D0%B1%D0%B5%D1%81%D0%BF%D0%B5%D1%87%D0%B5%D0%BD%D0%B8%D0%B5
2025/05/11 16:03:02 Посещение: https://ru.wikipedia.org/wiki/%D0%9B%D0%B8%D1%86%D0%B5%D0%BD%D0%B7%D0%B8%D0%B8_BSD
2025/05/11 16:03:04 Проиндексирована страница: https://ru.wikipedia.org/wiki/%D0%9B%D0%B8%D1%86%D0%B5%D0%BD%D0%B7%D0%B8%D0%B8_BSD
2025/05/11 16:03:04 Посещение: https://go.dev
2025/05/11 16:03:11 Проиндексирована страница: https://go.dev
2025/05/11 16:03:11 Посещение: https://ru.wikipedia.org/wiki/%D0%9E%D0%BF%D0%B5%D1%80%D0%B0%D1%86%D0%B8%D0%BE%D0%BD%D0%BD%D0%B0%D1%8F_%D1%81%D0%B8%D1%81%D1%82%D0%B5%D0%BC%D0%B0
2025/05/11 16:03:11 Проиндексирована страница: https://ru.wikipedia.org/wiki/%D0%9E%D0%BF%D0%B5%D1%80%D0%B0%D1%86%D0%B8%D0%BE%D0%BD%D0%BD%D0%B0%D1%8F_%D1%81%D0%B8%D1%81%D1%82%D0%B5%D0%BC%D0%B0
2025/05/11 16:03:11 Посещение: https://ru.wikipedia.org/wiki/DragonFly_BSD
2025/05/11 16:03:12 Проиндексирована страница: https://ru.wikipedia.org/wiki/DragonFly_BSD
2025/05/11 16:03:12 Посещение: https://ru.wikipedia.org/wiki/FreeBSD
2025/05/11 16:03:13 Проиндексирована страница: https://ru.wikipedia.org/wiki/FreeBSD
2025/05/11 16:03:13 Посещение: https://ru.wikipedia.org/wiki/Linux
2025/05/11 16:03:13 Проиндексирована страница: https://ru.wikipedia.org/wiki/Linux
2025/05/11 16:03:13 Посещение: https://ru.wikipedia.org/wiki/MacOS
2025/05/11 16:03:13 Проиндексирована страница: https://ru.wikipedia.org/wiki/MacOS
2025/05/11 16:03:13 Посещение: https://ru.wikipedia.org/wiki/NetBSD
2025/05/11 16:03:14 Проиндексирована страница: https://ru.wikipedia.org/wiki/NetBSD
2025/05/11 16:03:14 Посещение: https://ru.wikipedia.org/wiki/OpenBSD
2025/05/11 16:03:14 Проиндексирована страница: https://ru.wikipedia.org/wiki/OpenBSD
2025/05/11 16:03:14 Посещение: https://ru.wikipedia.org/wiki/Plan_9
2025/05/11 16:03:15 Проиндексирована страница: https://ru.wikipedia.org/wiki/Plan_9
2025/05/11 16:03:15 Посещение: https://ru.wikipedia.org/wiki/Solaris
2025/05/11 16:03:15 Проиндексирована страница: https://ru.wikipedia.org/wiki/Solaris
2025/05/11 16:03:15 Посещение: https://ru.wikipedia.org/wiki/Windows
2025/05/11 16:03:15 Проиндексирована страница: https://ru.wikipedia.org/wiki/Windows
2025/05/11 16:03:15 Посещение: https://ru.wikipedia.org/wiki/IOS
2025/05/11 16:03:16 Проиндексирована страница: https://ru.wikipedia.org/wiki/IOS
2025/05/11 16:03:16 Посещение: https://ru.wikipedia.org/wiki/Android
2025/05/11 16:03:16 Проиндексирована страница: https://ru.wikipedia.org/wiki/Android
2025/05/11 16:03:16 Посещение: https://ru.wikipedia.org/wiki/AIX
2025/05/11 16:03:17 Проиндексирована страница: https://ru.wikipedia.org/wiki/AIX
2025/05/11 16:03:17 Посещение: https://ru.wikipedia.org/wiki/Illumos
2025/05/11 16:03:18 Проиндексирована страница: https://ru.wikipedia.org/wiki/Illumos
2025/05/11 16:03:18 Посещение: https://commons.wikimedia.org/wiki/Category:Go_(programming_language)
2025/05/11 16:03:19 Проиндексирована страница: https://commons.wikimedia.org/wiki/Category:Go_(programming_language)
2025/05/11 16:03:19 Посещение: https://ru.wikipedia.org/wiki/%D0%9A%D0%BE%D0%BC%D0%BF%D0%B8%D0%BB%D0%B8%D1%80%D1%83%D0%B5%D0%BC%D1%8B%D0%B9_%D1%8F%D0%B7%D1%8B%D0%BA_%D0%BF%D1%80%D0%BE%D0%B3%D1%80%D0%B0%D0%BC%D0%BC%D0%B8%D1%80%D0%BE%D0%B2%D0%B0%D0%BD%D0%B8%D1%8F
2025/05/11 16:03:21 Проиндексирована страница: https://ru.wikipedia.org/wiki/%D0%9A%D0%BE%D0%BC%D0%BF%D0%B8%D0%BB%D0%B8%D1%80%D1%83%D0%B5%D0%BC%D1%8B%D0%B9_%D1%8F%D0%B7%D1%8B%D0%BA_%D0%BF%D1%80%D0%BE%D0%B3%D1%80%D0%B0%D0%BC%D0%BC%D0%B8%D1%80%D0%BE%D0%B2%D0%B0%D0%BD%D0%B8%D1%8F
2025/05/11 16:03:21 Посещение: https://ru.wikipedia.org/wiki/%D0%AF%D0%B7%D1%8B%D0%BA_%D0%BF%D1%80%D0%BE%D0%B3%D1%80%D0%B0%D0%BC%D0%BC%D0%B8%D1%80%D0%BE%D0%B2%D0%B0%D0%BD%D0%B8%D1%8F
2025/05/11 16:03:21 Проиндексирована страница: https://ru.wikipedia.org/wiki/%D0%AF%D0%B7%D1%8B%D0%BA_%D0%BF%D1%80%D0%BE%D0%B3%D1%80%D0%B0%D0%BC%D0%BC%D0%B8%D1%80%D0%BE%D0%B2%D0%B0%D0%BD%D0%B8%D1%8F
2025/05/11 16:03:21 Посещение: https://ru.wikipedia.org/wiki/%D0%A4%D1%83%D0%BD%D0%BA%D1%86%D0%B8%D0%BE%D0%BD%D0%B0%D0%BB%D1%8C%D0%BD%D0%BE%D0%B5_%D0%BF%D1%80%D0%BE%D0%B3%D1%80%D0%B0%D0%BC%D0%BC%D0%B8%D1%80%D0%BE%D0%B2%D0%B0%D0%BD%D0%B8%D0%B5
2025/05/11 16:03:22 Проиндексирована страница: https://ru.wikipedia.org/wiki/%D0%A4%D1%83%D0%BD%D0%BA%D1%86%D0%B8%D0%BE%D0%BD%D0%B0%D0%BB%D1%8C%D0%BD%D0%BE%D0%B5_%D0%BF%D1%80%D0%BE%D0%B3%D1%80%D0%B0%D0%BC%D0%BC%D0%B8%D1%80%D0%BE%D0%B2%D0%B0%D0%BD%D0%B8%D0%B5
2025/05/11 16:03:22 Посещение: https://ru.wikipedia.org/wiki/Inferno_(%D0%BE%D0%BF%D0%B5%D1%80%D0%B0%D1%86%D0%B8%D0%BE%D0%BD%D0%BD%D0%B0%D1%8F_%D1%81%D0%B8%D1%81%D1%82%D0%B5%D0%BC%D0%B0)
2025/05/11 16:03:23 Проиндексирована страница: https://ru.wikipedia.org/wiki/Inferno_(%D0%BE%D0%BF%D0%B5%D1%80%D0%B0%D1%86%D0%B8%D0%BE%D0%BD%D0%BD%D0%B0%D1%8F_%D1%81%D0%B8%D1%81%D1%82%D0%B5%D0%BC%D0%B0)
2025/05/11 16:03:23 Посещение: https://ru.wikipedia.org/wiki/Haiku_OS
2025/05/11 16:03:23 Проиндексирована страница: https://ru.wikipedia.org/wiki/Haiku_OS
2025/05/11 16:03:23 Посещение: https://ru.wikipedia.org/wiki/Gcc
2025/05/11 16:03:24 Проиндексирована страница: https://ru.wikipedia.org/wiki/Gcc
2025/05/11 16:03:24 Посещение: https://ru.wikipedia.org/wiki/C%2B%2B
2025/05/11 16:03:24 Проиндексирована страница: https://ru.wikipedia.org/wiki/C%2B%2B
2025/05/11 16:03:24 Посещение: https://ru.wikipedia.org/wiki/%D0%9E%D1%80%D1%82%D0%BE%D0%B3%D0%BE%D0%BD%D0%B0%D0%BB%D1%8C%D0%BD%D0%BE%D1%81%D1%82%D1%8C
2025/05/11 16:03:25 Проиндексирована страница: https://ru.wikipedia.org/wiki/%D0%9E%D1%80%D1%82%D0%BE%D0%B3%D0%BE%D0%BD%D0%B0%D0%BB%D1%8C%D0%BD%D0%BE%D1%81%D1%82%D1%8C
2025/05/11 16:03:25 Посещение: https://ru.wikipedia.org/wiki/%D0%92%D0%B8%D1%80%D1%82%D1%83%D0%B0%D0%BB%D1%8C%D0%BD%D0%B0%D1%8F_%D0%BC%D0%B0%D1%88%D0%B8%D0%BD%D0%B0
2025/05/11 16:03:25 Проиндексирована страница: https://ru.wikipedia.org/wiki/%D0%92%D0%B8%D1%80%D1%82%D1%83%D0%B0%D0%BB%D1%8C%D0%BD%D0%B0%D1%8F_%D0%BC%D0%B0%D1%88%D0%B8%D0%BD%D0%B0
2025/05/11 16:03:25 Посещение: https://ru.wikipedia.org/wiki/%D0%98%D0%BD%D1%82%D0%B5%D1%80%D0%BF%D1%80%D0%B5%D1%82%D0%B0%D1%82%D0%BE%D1%80
2025/05/11 16:03:26 Проиндексирована страница: https://ru.wikipedia.org/wiki/%D0%98%D0%BD%D1%82%D0%B5%D1%80%D0%BF%D1%80%D0%B5%D1%82%D0%B0%D1%82%D0%BE%D1%80
2025/05/11 16:03:26 Посещение: https://ru.wikipedia.org/wiki/%D0%A3%D1%82%D0%B8%D0%BD%D0%B0%D1%8F_%D1%82%D0%B8%D0%BF%D0%B8%D0%B7%D0%B0%D1%86%D0%B8%D1%8F
2025/05/11 16:03:26 Проиндексирована страница: https://ru.wikipedia.org/wiki/%D0%A3%D1%82%D0%B8%D0%BD%D0%B0%D1%8F_%D1%82%D0%B8%D0%BF%D0%B8%D0%B7%D0%B0%D1%86%D0%B8%D1%8F
2025/05/11 16:03:26 Посещение: https://ru.wikipedia.org/wiki/C_(%D1%8F%D0%B7%D1%8B%D0%BA_%D0%BF%D1%80%D0%BE%D0%B3%D1%80%D0%B0%D0%BC%D0%BC%D0%B8%D1%80%D0%BE%D0%B2%D0%B0%D0%BD%D0%B8%D1%8F)
2025/05/11 16:03:27 Проиндексирована страница: https://ru.wikipedia.org/wiki/C_(%D1%8F%D0%B7%D1%8B%D0%BA_%D0%BF%D1%80%D0%BE%D0%B3%D1%80%D0%B0%D0%BC%D0%BC%D0%B8%D1%80%D0%BE%D0%B2%D0%B0%D0%BD%D0%B8%D1%8F)
2025/05/11 16:03:27 Посещение: https://ru.wikipedia.org/wiki/D_(%D1%8F%D0%B7%D1%8B%D0%BA_%D0%BF%D1%80%D0%BE%D0%B3%D1%80%D0%B0%D0%BC%D0%BC%D0%B8%D1%80%D0%BE%D0%B2%D0%B0%D0%BD%D0%B8%D1%8F)
2025/05/11 16:03:28 Проиндексирована страница: https://ru.wikipedia.org/wiki/D_(%D1%8F%D0%B7%D1%8B%D0%BA_%D0%BF%D1%80%D0%BE%D0%B3%D1%80%D0%B0%D0%BC%D0%BC%D0%B8%D1%80%D0%BE%D0%B2%D0%B0%D0%BD%D0%B8%D1%8F)
2025/05/11 16:03:28 Посещение: https://ru.wikipedia.org/wiki/%D0%AE%D0%BD%D0%B8%D0%BA%D0%BE%D0%B4
2025/05/11 16:03:28 Проиндексирована страница: https://ru.wikipedia.org/wiki/%D0%AE%D0%BD%D0%B8%D0%BA%D0%BE%D0%B4
2025/05/11 16:03:28 Посещение: https://ru.wikipedia.org/wiki/%D0%94%D0%B8%D0%BD%D0%B0%D0%BC%D0%B8%D1%87%D0%B5%D1%81%D0%BA%D0%B8%D0%B9_%D0%BC%D0%B0%D1%81%D1%81%D0%B8%D0%B2
2025/05/11 16:03:28 Проиндексирована страница: https://ru.wikipedia.org/wiki/%D0%94%D0%B8%D0%BD%D0%B0%D0%BC%D0%B8%D1%87%D0%B5%D1%81%D0%BA%D0%B8%D0%B9_%D0%BC%D0%B0%D1%81%D1%81%D0%B8%D0%B2
2025/05/11 16:03:28 Посещение: https://ru.wikipedia.org/wiki/%D0%9C%D0%B0%D1%81%D1%81%D0%B8%D0%B2_(%D0%BF%D1%80%D0%BE%D0%B3%D1%80%D0%B0%D0%BC%D0%BC%D0%B8%D1%80%D0%BE%D0%B2%D0%B0%D0%BD%D0%B8%D0%B5)
2025/05/11 16:03:29 Проиндексирована страница: https://ru.wikipedia.org/wiki/%D0%9C%D0%B0%D1%81%D1%81%D0%B8%D0%B2_(%D0%BF%D1%80%D0%BE%D0%B3%D1%80%D0%B0%D0%BC%D0%BC%D0%B8%D1%80%D0%BE%D0%B2%D0%B0%D0%BD%D0%B8%D0%B5)
2025/05/11 16:03:29 Посещение: https://ru.wikipedia.org/wiki/%D0%A5%D0%B5%D1%88-%D1%82%D0%B0%D0%B1%D0%BB%D0%B8%D1%86%D0%B0
2025/05/11 16:03:29 Проиндексирована страница: https://ru.wikipedia.org/wiki/%D0%A5%D0%B5%D1%88-%D1%82%D0%B0%D0%B1%D0%BB%D0%B8%D1%86%D0%B0
2025/05/11 16:03:29 Посещение: https://ru.wikipedia.org/wiki/%D0%97%D0%B0%D0%BC%D1%8B%D0%BA%D0%B0%D0%BD%D0%B8%D0%B5_(%D0%BF%D1%80%D0%BE%D0%B3%D1%80%D0%B0%D0%BC%D0%BC%D0%B8%D1%80%D0%BE%D0%B2%D0%B0%D0%BD%D0%B8%D0%B5)
2025/05/11 16:03:30 Проиндексирована страница: https://ru.wikipedia.org/wiki/%D0%97%D0%B0%D0%BC%D1%8B%D0%BA%D0%B0%D0%BD%D0%B8%D0%B5_(%D0%BF%D1%80%D0%BE%D0%B3%D1%80%D0%B0%D0%BC%D0%BC%D0%B8%D1%80%D0%BE%D0%B2%D0%B0%D0%BD%D0%B8%D0%B5)
2025/05/11 16:03:30 Посещение: https://ru.wikipedia.org/wiki/%D0%A1%D0%B1%D0%BE%D1%80%D0%BA%D0%B0_%D0%BC%D1%83%D1%81%D0%BE%D1%80%D0%B0_(%D0%BF%D1%80%D0%BE%D0%B3%D1%80%D0%B0%D0%BC%D0%BC%D0%B8%D1%80%D0%BE%D0%B2%D0%B0%D0%BD%D0%B8%D0%B5)
2025/05/11 16:03:31 Проиндексирована страница: https://ru.wikipedia.org/wiki/%D0%A1%D0%B1%D0%BE%D1%80%D0%BA%D0%B0_%D0%BC%D1%83%D1%81%D0%BE%D1%80%D0%B0_(%D0%BF%D1%80%D0%BE%D0%B3%D1%80%D0%B0%D0%BC%D0%BC%D0%B8%D1%80%D0%BE%D0%B2%D0%B0%D0%BD%D0%B8%D0%B5)
2025/05/11 16:03:31 Посещение: https://ru.wikipedia.org/wiki/%D0%9A%D0%B0%D0%BD%D0%B0%D0%BB_(%D0%BF%D1%80%D0%BE%D0%B3%D1%80%D0%B0%D0%BC%D0%BC%D0%B8%D1%80%D0%BE%D0%B2%D0%B0%D0%BD%D0%B8%D0%B5)
2025/05/11 16:03:32 Проиндексирована страница: https://ru.wikipedia.org/wiki/%D0%9A%D0%B0%D0%BD%D0%B0%D0%BB_(%D0%BF%D1%80%D0%BE%D0%B3%D1%80%D0%B0%D0%BC%D0%BC%D0%B8%D1%80%D0%BE%D0%B2%D0%B0%D0%BD%D0%B8%D0%B5)
2025/05/11 16:03:32 Посещение: https://ru.wikipedia.org/wiki/%D0%A1%D0%B8%D0%BD%D1%82%D0%B0%D0%BA%D1%81%D0%B8%D1%87%D0%B5%D1%81%D0%BA%D0%B8%D0%B9_%D1%81%D0%B0%D1%85%D0%B0%D1%80
2025/05/11 16:03:32 Проиндексирована страница: https://ru.wikipedia.org/wiki/%D0%A1%D0%B8%D0%BD%D1%82%D0%B0%D0%BA%D1%81%D0%B8%D1%87%D0%B5%D1%81%D0%BA%D0%B8%D0%B9_%D1%81%D0%B0%D1%85%D0%B0%D1%80
2025/05/11 16:03:32 Посещение: https://ru.wikipedia.org/wiki/%D0%9E%D0%B1%D1%80%D0%B0%D0%B1%D0%BE%D1%82%D0%BA%D0%B0_%D0%B8%D1%81%D0%BA%D0%BB%D1%8E%D1%87%D0%B5%D0%BD%D0%B8%D0%B9
2025/05/11 16:03:33 Проиндексирована страница: https://ru.wikipedia.org/wiki/%D0%9E%D0%B1%D1%80%D0%B0%D0%B1%D0%BE%D1%82%D0%BA%D0%B0_%D0%B8%D1%81%D0%BA%D0%BB%D1%8E%D1%87%D0%B5%D0%BD%D0%B8%D0%B9
2025/05/11 16:03:33 Посещение: https://ru.wikipedia.org/wiki/%D0%9D%D0%B0%D1%81%D0%BB%D0%B5%D0%B4%D0%BE%D0%B2%D0%B0%D0%BD%D0%B8%D0%B5_(%D0%BF%D1%80%D0%BE%D0%B3%D1%80%D0%B0%D0%BC%D0%BC%D0%B8%D1%80%D0%BE%D0%B2%D0%B0%D0%BD%D0%B8%D0%B5)
2025/05/11 16:03:33 Проиндексирована страница: https://ru.wikipedia.org/wiki/%D0%9D%D0%B0%D1%81%D0%BB%D0%B5%D0%B4%D0%BE%D0%B2%D0%B0%D0%BD%D0%B8%D0%B5_(%D0%BF%D1%80%D0%BE%D0%B3%D1%80%D0%B0%D0%BC%D0%BC%D0%B8%D1%80%D0%BE%D0%B2%D0%B0%D0%BD%D0%B8%D0%B5)
2025/05/11 16:03:33 Посещение: https://ru.wikipedia.org/wiki/%D0%9E%D0%B1%D0%BE%D0%B1%D1%89%D1%91%D0%BD%D0%BD%D0%BE%D0%B5_%D0%BF%D1%80%D0%BE%D0%B3%D1%80%D0%B0%D0%BC%D0%BC%D0%B8%D1%80%D0%BE%D0%B2%D0%B0%D0%BD%D0%B8%D0%B5
2025/05/11 16:03:33 Проиндексирована страница: https://ru.wikipedia.org/wiki/%D0%9E%D0%B1%D0%BE%D0%B1%D1%89%D1%91%D0%BD%D0%BD%D0%BE%D0%B5_%D0%BF%D1%80%D0%BE%D0%B3%D1%80%D0%B0%D0%BC%D0%BC%D0%B8%D1%80%D0%BE%D0%B2%D0%B0%D0%BD%D0%B8%D0%B5
2025/05/11 16:03:33 Посещение: https://ru.wikipedia.org/wiki/%D0%A3%D1%82%D0%B2%D0%B5%D1%80%D0%B6%D0%B4%D0%B5%D0%BD%D0%B8%D0%B5_(%D0%BF%D1%80%D0%BE%D0%B3%D1%80%D0%B0%D0%BC%D0%BC%D0%B8%D1%80%D0%BE%D0%B2%D0%B0%D0%BD%D0%B8%D0%B5)
2025/05/11 16:03:34 Проиндексирована страница: https://ru.wikipedia.org/wiki/%D0%A3%D1%82%D0%B2%D0%B5%D1%80%D0%B6%D0%B4%D0%B5%D0%BD%D0%B8%D0%B5_(%D0%BF%D1%80%D0%BE%D0%B3%D1%80%D0%B0%D0%BC%D0%BC%D0%B8%D1%80%D0%BE%D0%B2%D0%B0%D0%BD%D0%B8%D0%B5)
2025/05/11 16:03:34 Посещение: https://ru.wikipedia.org/wiki/%D0%9F%D0%B5%D1%80%D0%B5%D0%BE%D0%BF%D1%80%D0%B5%D0%B4%D0%B5%D0%BB%D0%B5%D0%BD%D0%B8%D0%B5_%D0%BC%D0%B5%D1%82%D0%BE%D0%B4%D0%B0
2025/05/11 16:03:34 Проиндексирована страница: https://ru.wikipedia.org/wiki/%D0%9F%D0%B5%D1%80%D0%B5%D0%BE%D0%BF%D1%80%D0%B5%D0%B4%D0%B5%D0%BB%D0%B5%D0%BD%D0%B8%D0%B5_%D0%BC%D0%B5%D1%82%D0%BE%D0%B4%D0%B0
2025/05/11 16:03:34 Посещение: https://ru.wikipedia.org/wiki/%D0%A1%D0%BA%D1%80%D0%B8%D0%BF%D1%82%D0%BE%D0%B2%D1%8B%D0%B9_%D1%8F%D0%B7%D1%8B%D0%BA
2025/05/11 16:03:35 Проиндексирована страница: https://ru.wikipedia.org/wiki/%D0%A1%D0%BA%D1%80%D0%B8%D0%BF%D1%82%D0%BE%D0%B2%D1%8B%D0%B9_%D1%8F%D0%B7%D1%8B%D0%BA
2025/05/11 16:03:35 Посещение: https://ru.wikipedia.org/wiki/UTF-8
2025/05/11 16:03:36 Проиндексирована страница: https://ru.wikipedia.org/wiki/UTF-8
2025/05/11 16:03:36 Посещение: https://ru.wikipedia.org/wiki/%D0%98%D0%BD%D1%82%D1%80%D0%BE%D1%81%D0%BF%D0%B5%D0%BA%D1%86%D0%B8%D1%8F_(%D0%BF%D1%80%D0%BE%D0%B3%D1%80%D0%B0%D0%BC%D0%BC%D0%B8%D1%80%D0%BE%D0%B2%D0%B0%D0%BD%D0%B8%D0%B5)
2025/05/11 16:03:37 Проиндексирована страница: https://ru.wikipedia.org/wiki/%D0%98%D0%BD%D1%82%D1%80%D0%BE%D1%81%D0%BF%D0%B5%D0%BA%D1%86%D0%B8%D1%8F_(%D0%BF%D1%80%D0%BE%D0%B3%D1%80%D0%B0%D0%BC%D0%BC%D0%B8%D1%80%D0%BE%D0%B2%D0%B0%D0%BD%D0%B8%D0%B5)
2025/05/11 16:03:37 Посещение: https://ru.wikipedia.org/wiki/%D0%A2%D0%BE%D1%87%D0%BA%D0%B0_%D1%81_%D0%B7%D0%B0%D0%BF%D1%8F%D1%82%D0%BE%D0%B9
2025/05/11 16:03:37 Проиндексирована страница: https://ru.wikipedia.org/wiki/%D0%A2%D0%BE%D1%87%D0%BA%D0%B0_%D1%81_%D0%B7%D0%B0%D0%BF%D1%8F%D1%82%D0%BE%D0%B9
2025/05/11 16:03:37 Посещение: https://ru.wikipedia.org/wiki/%D0%94%D0%BE%D0%BF%D0%BE%D0%BB%D0%BD%D0%B8%D1%82%D0%B5%D0%BB%D1%8C%D0%BD%D1%8B%D0%B9_%D0%BA%D0%BE%D0%B4
2025/05/11 16:03:37 Проиндексирована страница: https://ru.wikipedia.org/wiki/%D0%94%D0%BE%D0%BF%D0%BE%D0%BB%D0%BD%D0%B8%D1%82%D0%B5%D0%BB%D1%8C%D0%BD%D1%8B%D0%B9_%D0%BA%D0%BE%D0%B4
2025/05/11 16:03:37 Посещение: https://ru.wikipedia.org/wiki/IEEE_754
2025/05/11 16:03:38 Проиндексирована страница: https://ru.wikipedia.org/wiki/IEEE_754
2025/05/11 16:03:38 Посещение: https://ru.wikipedia.org/wiki/%D0%9C%D0%B0%D1%80%D1%88%D0%B0%D0%BB%D0%B8%D0%BD%D0%B3
2025/05/11 16:03:38 Проиндексирована страница: https://ru.wikipedia.org/wiki/%D0%9C%D0%B0%D1%80%D1%88%D0%B0%D0%BB%D0%B8%D0%BD%D0%B3
2025/05/11 16:03:38 Посещение: https://ru.wikipedia.org/wiki/%D0%9E%D0%B1%D1%8A%D1%8F%D0%B2%D0%BB%D0%B5%D0%BD%D0%B8%D0%B5_(%D0%B8%D0%BD%D1%84%D0%BE%D1%80%D0%BC%D0%B0%D1%82%D0%B8%D0%BA%D0%B0)
2025/05/11 16:03:39 Проиндексирована страница: https://ru.wikipedia.org/wiki/%D0%9E%D0%B1%D1%8A%D1%8F%D0%B2%D0%BB%D0%B5%D0%BD%D0%B8%D0%B5_(%D0%B8%D0%BD%D1%84%D0%BE%D1%80%D0%BC%D0%B0%D1%82%D0%B8%D0%BA%D0%B0)
2025/05/11 16:03:39 Посещение: https://ru.wikipedia.org/wiki/%D0%98%D0%BD%D0%B8%D1%86%D0%B8%D0%B0%D0%BB%D0%B8%D0%B7%D0%B0%D1%86%D0%B8%D1%8F
2025/05/11 16:03:40 Проиндексирована страница: https://ru.wikipedia.org/wiki/%D0%98%D0%BD%D0%B8%D1%86%D0%B8%D0%B0%D0%BB%D0%B8%D0%B7%D0%B0%D1%86%D0%B8%D1%8F
2025/05/11 16:03:40 Посещение: https://ru.wikipedia.org/wiki/%D0%A3%D0%BA%D0%B0%D0%B7%D0%B0%D1%82%D0%B5%D0%BB%D1%8C_(%D1%82%D0%B8%D0%BF_%D0%B4%D0%B0%D0%BD%D0%BD%D1%8B%D1%85)
2025/05/11 16:03:40 Проиндексирована страница: https://ru.wikipedia.org/wiki/%D0%A3%D0%BA%D0%B0%D0%B7%D0%B0%D1%82%D0%B5%D0%BB%D1%8C_(%D1%82%D0%B8%D0%BF_%D0%B4%D0%B0%D0%BD%D0%BD%D1%8B%D1%85)
2025/05/11 16:03:40 Посещение: https://ru.wikipedia.org/wiki/Pascal
2025/05/11 16:03:41 Проиндексирована страница: https://ru.wikipedia.org/wiki/Pascal
2025/05/11 16:03:41 Посещение: https://ru.wikipedia.org/wiki/%D0%9A%D1%83%D1%87%D0%B0_(%D0%BF%D0%B0%D0%BC%D1%8F%D1%82%D1%8C)
2025/05/11 16:03:42 Проиндексирована страница: https://ru.wikipedia.org/wiki/%D0%9A%D1%83%D1%87%D0%B0_(%D0%BF%D0%B0%D0%BC%D1%8F%D1%82%D1%8C)
2025/05/11 16:03:42 Посещение: https://ru.wikipedia.org/wiki/%D0%A6%D0%B8%D0%BA%D0%BB_For
2025/05/11 16:03:43 Проиндексирована страница: https://ru.wikipedia.org/wiki/%D0%A6%D0%B8%D0%BA%D0%BB_For
2025/05/11 16:03:43 Посещение: https://ru.wikipedia.org/wiki/%D0%9E%D0%BF%D0%B5%D1%80%D0%B0%D1%82%D0%BE%D1%80_%D0%B2%D0%B5%D1%82%D0%B2%D0%BB%D0%B5%D0%BD%D0%B8%D1%8F
2025/05/11 16:03:44 Проиндексирована страница: https://ru.wikipedia.org/wiki/%D0%9E%D0%BF%D0%B5%D1%80%D0%B0%D1%82%D0%BE%D1%80_%D0%B2%D0%B5%D1%82%D0%B2%D0%BB%D0%B5%D0%BD%D0%B8%D1%8F
2025/05/11 16:03:44 Посещение: https://ru.wikipedia.org/w/index.php?title=%D0%9E%D0%BF%D0%B5%D1%80%D0%B0%D1%82%D0%BE%D1%80_%D0%B2%D1%8B%D0%B1%D0%BE%D1%80%D0%B0&action=edit&redlink=1
2025/05/11 16:03:44 Проиндексирована страница: https://ru.wikipedia.org/w/index.php?title=%D0%9E%D0%BF%D0%B5%D1%80%D0%B0%D1%82%D0%BE%D1%80_%D0%B2%D1%8B%D0%B1%D0%BE%D1%80%D0%B0&action=edit&redlink=1
2025/05/11 16:03:44 Посещение: https://blog.golang.org/errors-are-values
2025/05/11 16:03:47 Проиндексирована страница: https://go.dev/blog/errors-are-values
2025/05/11 16:03:47 Посещение: https://habr.com/ru/post/269909/
2025/05/11 16:03:48 Проиндексирована страница: https://habr.com/ru/articles/269909/
2025/05/11 16:03:48 Посещение: https://ru.wikipedia.org/wiki/%D0%A2%D1%80%D0%B0%D1%81%D1%81%D0%B8%D1%80%D0%BE%D0%B2%D0%BA%D0%B0_%D1%81%D1%82%D0%B5%D0%BA%D0%B0
2025/05/11 16:03:48 Проиндексирована страница: https://ru.wikipedia.org/wiki/%D0%A2%D1%80%D0%B0%D1%81%D1%81%D0%B8%D1%80%D0%BE%D0%B2%D0%BA%D0%B0_%D1%81%D1%82%D0%B5%D0%BA%D0%B0
2025/05/11 16:03:48 Посещение: https://ru.wikipedia.org/wiki/%D0%92%D0%B7%D0%B0%D0%B8%D0%BC%D0%BE%D0%B4%D0%B5%D0%B9%D1%81%D1%82%D0%B2%D1%83%D1%8E%D1%89%D0%B8%D0%B5_%D0%BF%D0%BE%D1%81%D0%BB%D0%B5%D0%B4%D0%BE%D0%B2%D0%B0%D1%82%D0%B5%D0%BB%D1%8C%D0%BD%D1%8B%D0%B5_%D0%BF%D1%80%D0%BE%D1%86%D0%B5%D1%81%D1%81%D1%8B
2025/05/11 16:03:49 Проиндексирована страница: https://ru.wikipedia.org/wiki/%D0%92%D0%B7%D0%B0%D0%B8%D0%BC%D0%BE%D0%B4%D0%B5%D0%B9%D1%81%D1%82%D0%B2%D1%83%D1%8E%D1%89%D0%B8%D0%B5_%D0%BF%D0%BE%D1%81%D0%BB%D0%B5%D0%B4%D0%BE%D0%B2%D0%B0%D1%82%D0%B5%D0%BB%D1%8C%D0%BD%D1%8B%D0%B5_%D0%BF%D1%80%D0%BE%D1%86%D0%B5%D1%81%D1%81%D1%8B
2025/05/11 16:03:49 Посещение: https://ru.wikipedia.org/wiki/%D0%A5%D0%BE%D0%B0%D1%80,_%D0%A7%D0%B0%D1%80%D0%BB%D1%8C%D0%B7_%D0%AD%D0%BD%D1%82%D0%BE%D0%BD%D0%B8_%D0%A0%D0%B8%D1%87%D0%B0%D1%80%D0%B4
2025/05/11 16:03:49 Проиндексирована страница: https://ru.wikipedia.org/wiki/%D0%A5%D0%BE%D0%B0%D1%80,_%D0%A7%D0%B0%D1%80%D0%BB%D1%8C%D0%B7_%D0%AD%D0%BD%D1%82%D0%BE%D0%BD%D0%B8_%D0%A0%D0%B8%D1%87%D0%B0%D1%80%D0%B4
2025/05/11 16:03:49 Посещение: https://ru.wikipedia.org/wiki/%D0%9F%D0%B8-%D0%B8%D1%81%D1%87%D0%B8%D1%81%D0%BB%D0%B5%D0%BD%D0%B8%D0%B5
2025/05/11 16:03:49 Проиндексирована страница: https://ru.wikipedia.org/wiki/%D0%9F%D0%B8-%D0%B8%D1%81%D1%87%D0%B8%D1%81%D0%BB%D0%B5%D0%BD%D0%B8%D0%B5
2025/05/11 16:03:49 Посещение: https://ru.wikipedia.org/wiki/%D0%A1%D0%BE%D0%BF%D1%80%D0%BE%D0%B3%D1%80%D0%B0%D0%BC%D0%BC%D0%B0
2025/05/11 16:03:49 Проиндексирована страница: https://ru.wikipedia.org/wiki/%D0%A1%D0%BE%D0%BF%D1%80%D0%BE%D0%B3%D1%80%D0%B0%D0%BC%D0%BC%D0%B0
2025/05/11 16:03:49 Посещение: https://ru.wikipedia.org/wiki/%D0%9F%D0%BE%D1%82%D0%BE%D0%BA_%D0%B2%D1%8B%D0%BF%D0%BE%D0%BB%D0%BD%D0%B5%D0%BD%D0%B8%D1%8F
2025/05/11 16:03:50 Проиндексирована страница: https://ru.wikipedia.org/wiki/%D0%9F%D0%BE%D1%82%D0%BE%D0%BA_%D0%B2%D1%8B%D0%BF%D0%BE%D0%BB%D0%BD%D0%B5%D0%BD%D0%B8%D1%8F
2025/05/11 16:03:50 Посещение: https://ru.wikipedia.org/wiki/Occam
2025/05/11 16:03:50 Проиндексирована страница: https://ru.wikipedia.org/wiki/Occam
2025/05/11 16:03:50 Посещение: https://ru.wikipedia.org/wiki/%D0%A0%D0%B0%D0%BD%D0%B4%D0%B5%D0%B2%D1%83
2025/05/11 16:03:50 Проиндексирована страница: https://ru.wikipedia.org/wiki/%D0%A0%D0%B0%D0%BD%D0%B4%D0%B5%D0%B2%D1%83
2025/05/11 16:03:50 Посещение: https://ru.wikipedia.org/wiki/%D0%90%D0%B4%D0%B0_(%D1%8F%D0%B7%D1%8B%D0%BA_%D0%BF%D1%80%D0%BE%D0%B3%D1%80%D0%B0%D0%BC%D0%BC%D0%B8%D1%80%D0%BE%D0%B2%D0%B0%D0%BD%D0%B8%D1%8F)
2025/05/11 16:03:51 Проиндексирована страница: https://ru.wikipedia.org/wiki/%D0%90%D0%B4%D0%B0_(%D1%8F%D0%B7%D1%8B%D0%BA_%D0%BF%D1%80%D0%BE%D0%B3%D1%80%D0%B0%D0%BC%D0%BC%D0%B8%D1%80%D0%BE%D0%B2%D0%B0%D0%BD%D0%B8%D1%8F)
2025/05/11 16:03:51 Посещение: https://ru.wikipedia.org/wiki/%D0%9C%D1%8C%D1%8E%D1%82%D0%B5%D0%BA%D1%81
2025/05/11 16:03:51 Проиндексирована страница: https://ru.wikipedia.org/wiki/%D0%9C%D1%8C%D1%8E%D1%82%D0%B5%D0%BA%D1%81
2025/05/11 16:03:51 Посещение: https://ru.wikipedia.org/wiki/%D0%9A%D0%BB%D0%B0%D1%81%D1%81_(%D0%BF%D1%80%D0%BE%D0%B3%D1%80%D0%B0%D0%BC%D0%BC%D0%B8%D1%80%D0%BE%D0%B2%D0%B0%D0%BD%D0%B8%D0%B5)
2025/05/11 16:03:51 Проиндексирована страница: https://ru.wikipedia.org/wiki/%D0%9A%D0%BB%D0%B0%D1%81%D1%81_(%D0%BF%D1%80%D0%BE%D0%B3%D1%80%D0%B0%D0%BC%D0%BC%D0%B8%D1%80%D0%BE%D0%B2%D0%B0%D0%BD%D0%B8%D0%B5)
2025/05/11 16:03:51 Посещение: https://ru.wikipedia.org/wiki/%D0%9C%D0%B5%D1%82%D0%BE%D0%B4_(%D0%BF%D1%80%D0%BE%D0%B3%D1%80%D0%B0%D0%BC%D0%BC%D0%B8%D1%80%D0%BE%D0%B2%D0%B0%D0%BD%D0%B8%D0%B5)
2025/05/11 16:03:52 Проиндексирована страница: https://ru.wikipedia.org/wiki/%D0%9C%D0%B5%D1%82%D0%BE%D0%B4_(%D0%BF%D1%80%D0%BE%D0%B3%D1%80%D0%B0%D0%BC%D0%BC%D0%B8%D1%80%D0%BE%D0%B2%D0%B0%D0%BD%D0%B8%D0%B5)
2025/05/11 16:03:52 Посещение: https://ru.wikipedia.org/wiki/%D0%90%D0%BD%D0%B3%D0%BB%D0%B8%D0%B9%D1%81%D0%BA%D0%B8%D0%B9_%D1%8F%D0%B7%D1%8B%D0%BA
2025/05/11 16:03:52 Проиндексирована страница: https://ru.wikipedia.org/wiki/%D0%90%D0%BD%D0%B3%D0%BB%D0%B8%D0%B9%D1%81%D0%BA%D0%B8%D0%B9_%D1%8F%D0%B7%D1%8B%D0%BA
2025/05/11 16:03:52 Посещение: https://ru.wikipedia.org/wiki/%D0%9F%D0%BE%D0%BB%D0%B8%D0%BC%D0%BE%D1%80%D1%84%D0%B8%D0%B7%D0%BC_(%D0%B8%D0%BD%D1%84%D0%BE%D1%80%D0%BC%D0%B0%D1%82%D0%B8%D0%BA%D0%B0)
2025/05/11 16:03:52 Проиндексирована страница: https://ru.wikipedia.org/wiki/%D0%9F%D0%BE%D0%BB%D0%B8%D0%BC%D0%BE%D1%80%D1%84%D0%B8%D0%B7%D0%BC_(%D0%B8%D0%BD%D1%84%D0%BE%D1%80%D0%BC%D0%B0%D1%82%D0%B8%D0%BA%D0%B0)
2025/05/11 16:03:52 Посещение: https://ru.wikipedia.org/wiki/%D0%98%D0%BD%D1%82%D0%B5%D1%80%D1%84%D0%B5%D0%B9%D1%81_(%D0%BE%D0%B1%D1%8A%D0%B5%D0%BA%D1%82%D0%BD%D0%BE-%D0%BE%D1%80%D0%B8%D0%B5%D0%BD%D1%82%D0%B8%D1%80%D0%BE%D0%B2%D0%B0%D0%BD%D0%BD%D0%BE%D0%B5_%D0%BF%D1%80%D0%BE%D0%B3%D1%80%D0%B0%D0%BC%D0%BC%D0%B8%D1%80%D0%BE%D0%B2%D0%B0%D0%BD%D0%B8%D0%B5)
2025/05/11 16:03:53 Проиндексирована страница: https://ru.wikipedia.org/wiki/%D0%98%D0%BD%D1%82%D0%B5%D1%80%D1%84%D0%B5%D0%B9%D1%81_(%D0%BE%D0%B1%D1%8A%D0%B5%D0%BA%D1%82%D0%BD%D0%BE-%D0%BE%D1%80%D0%B8%D0%B5%D0%BD%D1%82%D0%B8%D1%80%D0%BE%D0%B2%D0%B0%D0%BD%D0%BD%D0%BE%D0%B5_%D0%BF%D1%80%D0%BE%D0%B3%D1%80%D0%B0%D0%BC%D0%BC%D0%B8%D1%80%D0%BE%D0%B2%D0%B0%D0%BD%D0%B8%D0%B5)
2025/05/11 16:03:53 Посещение: https://ru.wikipedia.org/wiki/Design_Patterns
2025/05/11 16:03:53 Проиндексирована страница: https://ru.wikipedia.org/wiki/Design_Patterns
2025/05/11 16:03:53 Посещение: https://ru.wikipedia.org/wiki/%D0%93%D0%B0%D0%BC%D0%BC%D0%B0,_%D0%AD%D1%80%D0%B8%D1%85
2025/05/11 16:03:53 Проиндексирована страница: https://ru.wikipedia.org/wiki/%D0%93%D0%B0%D0%BC%D0%BC%D0%B0,_%D0%AD%D1%80%D0%B8%D1%85
2025/05/11 16:03:53 Посещение: https://ru.wikipedia.org/wiki/%D0%9F%D0%B0%D1%82%D1%82%D0%B5%D1%80%D0%BD%D1%8B_%D0%BF%D1%80%D0%BE%D0%B5%D0%BA%D1%82%D0%B8%D1%80%D0%BE%D0%B2%D0%B0%D0%BD%D0%B8%D1%8F
2025/05/11 16:03:54 Проиндексирована страница: https://ru.wikipedia.org/wiki/%D0%9F%D0%B0%D1%82%D1%82%D0%B5%D1%80%D0%BD%D1%8B_%D0%BF%D1%80%D0%BE%D0%B5%D0%BA%D1%82%D0%B8%D1%80%D0%BE%D0%B2%D0%B0%D0%BD%D0%B8%D1%8F
2025/05/11 16:03:54 Посещение: https://ru.wikipedia.org/wiki/%D0%92%D0%B8%D1%80%D1%82%D1%83%D0%B0%D0%BB%D1%8C%D0%BD%D0%B0%D1%8F_%D1%84%D1%83%D0%BD%D0%BA%D1%86%D0%B8%D1%8F
2025/05/11 16:03:54 Проиндексирована страница: https://ru.wikipedia.org/wiki/%D0%92%D0%B8%D1%80%D1%82%D1%83%D0%B0%D0%BB%D1%8C%D0%BD%D0%B0%D1%8F_%D1%84%D1%83%D0%BD%D0%BA%D1%86%D0%B8%D1%8F
2025/05/11 16:03:54 Посещение: https://github.com/losalamos/goop
2025/05/11 16:03:55 Проиндексирована страница: https://github.com/lanl/goop
2025/05/11 16:03:55 Посещение: https://ru.wikipedia.org/wiki/%D0%98%D0%BD%D1%82%D0%B5%D1%80%D1%84%D0%B5%D0%B9%D1%81_%D0%B2%D0%BD%D0%B5%D1%88%D0%BD%D0%B8%D1%85_%D1%84%D1%83%D0%BD%D0%BA%D1%86%D0%B8%D0%B9
2025/05/11 16:03:56 Проиндексирована страница: https://ru.wikipedia.org/wiki/%D0%98%D0%BD%D1%82%D0%B5%D1%80%D1%84%D0%B5%D0%B9%D1%81_%D0%B2%D0%BD%D0%B5%D1%88%D0%BD%D0%B8%D1%85_%D1%84%D1%83%D0%BD%D0%BA%D1%86%D0%B8%D0%B9
2025/05/11 16:03:56 Посещение: https://golang.org/cmd/cgo
2025/05/11 16:03:58 Проиндексирована страница: https://pkg.go.dev/cmd/cgo
2025/05/11 16:03:58 Посещение: https://ru.wikipedia.org/wiki/SWIG
2025/05/11 16:03:59 Проиндексирована страница: https://ru.wikipedia.org/wiki/SWIG
2025/05/11 16:03:59 Посещение: https://ru.wikipedia.org/wiki/%D0%98%D0%BD%D1%82%D0%B5%D1%80%D1%84%D0%B5%D0%B9%D1%81_%D0%BA%D0%BE%D0%BC%D0%B0%D0%BD%D0%B4%D0%BD%D0%BE%D0%B9_%D1%81%D1%82%D1%80%D0%BE%D0%BA%D0%B8
2025/05/11 16:03:59 Проиндексирована страница: https://ru.wikipedia.org/wiki/%D0%98%D0%BD%D1%82%D0%B5%D1%80%D1%84%D0%B5%D0%B9%D1%81_%D0%BA%D0%BE%D0%BC%D0%B0%D0%BD%D0%B4%D0%BD%D0%BE%D0%B9_%D1%81%D1%82%D1%80%D0%BE%D0%BA%D0%B8
2025/05/11 16:03:59 Посещение: https://ru.wikipedia.org/wiki/%D0%92%D0%B5%D0%B1-%D0%B8%D0%BD%D1%82%D0%B5%D1%80%D1%84%D0%B5%D0%B9%D1%81
2025/05/11 16:03:59 Проиндексирована страница: https://ru.wikipedia.org/wiki/%D0%92%D0%B5%D0%B1-%D0%B8%D0%BD%D1%82%D0%B5%D1%80%D1%84%D0%B5%D0%B9%D1%81
2025/05/11 16:03:59 Посещение: https://ru.wikipedia.org/wiki/GUI
2025/05/11 16:04:00 Проиндексирована страница: https://ru.wikipedia.org/wiki/GUI
2025/05/11 16:04:00 Посещение: https://ru.wikipedia.org/wiki/%D0%A4%D1%80%D0%B5%D0%B9%D0%BC%D0%B2%D0%BE%D1%80%D0%BA
2025/05/11 16:04:00 Проиндексирована страница: https://ru.wikipedia.org/wiki/%D0%A4%D1%80%D0%B5%D0%B9%D0%BC%D0%B2%D0%BE%D1%80%D0%BA
2025/05/11 16:04:00 Посещение: https://ru.wikipedia.org/wiki/GTK%2B
2025/05/11 16:04:01 Проиндексирована страница: https://ru.wikipedia.org/wiki/GTK%2B
2025/05/11 16:04:01 Посещение: https://ru.wikipedia.org/wiki/Qt
2025/05/11 16:04:01 Проиндексирована страница: https://ru.wikipedia.org/wiki/Qt
2025/05/11 16:04:01 Посещение: https://ru.wikipedia.org/wiki/WinAPI
2025/05/11 16:04:01 Проиндексирована страница: https://ru.wikipedia.org/wiki/WinAPI
2025/05/11 16:04:01 Посещение: https://ru.wikipedia.org/wiki/%D0%94%D0%B5%D0%BD%D0%B2%D0%B5%D1%80
2025/05/11 16:04:01 Проиндексирована страница: https://ru.wikipedia.org/wiki/%D0%94%D0%B5%D0%BD%D0%B2%D0%B5%D1%80
2025/05/11 16:04:01 Посещение: https://ru.wikipedia.org/wiki/%D0%90%D0%BB%D0%B3%D0%B5%D0%B1%D1%80%D0%B0%D0%B8%D1%87%D0%B5%D1%81%D0%BA%D0%B8%D0%B5_%D1%82%D0%B8%D0%BF%D1%8B_%D0%B4%D0%B0%D0%BD%D0%BD%D1%8B%D1%85
2025/05/11 16:04:02 Проиндексирована страница: https://ru.wikipedia.org/wiki/%D0%90%D0%BB%D0%B3%D0%B5%D0%B1%D1%80%D0%B0%D0%B8%D1%87%D0%B5%D1%81%D0%BA%D0%B8%D0%B5_%D1%82%D0%B8%D0%BF%D1%8B_%D0%B4%D0%B0%D0%BD%D0%BD%D1%8B%D1%85
2025/05/11 16:04:02 Посещение: https://ru.wikipedia.org/wiki/%D0%9F%D0%B5%D1%80%D0%B5%D0%B3%D1%80%D1%83%D0%B7%D0%BA%D0%B0_%D0%BF%D1%80%D0%BE%D1%86%D0%B5%D0%B4%D1%83%D1%80_%D0%B8_%D1%84%D1%83%D0%BD%D0%BA%D1%86%D0%B8%D0%B9
2025/05/11 16:04:02 Проиндексирована страница: https://ru.wikipedia.org/wiki/%D0%9F%D0%B5%D1%80%D0%B5%D0%B3%D1%80%D1%83%D0%B7%D0%BA%D0%B0_%D0%BF%D1%80%D0%BE%D1%86%D0%B5%D0%B4%D1%83%D1%80_%D0%B8_%D1%84%D1%83%D0%BD%D0%BA%D1%86%D0%B8%D0%B9
2025/05/11 16:04:02 Посещение: https://ru.wikipedia.org/wiki/%D0%9F%D0%B5%D1%80%D0%B5%D0%BE%D0%BF%D1%80%D0%B5%D0%B4%D0%B5%D0%BB%D0%B5%D0%BD%D0%B8%D0%B5_%D0%BE%D0%BF%D0%B5%D1%80%D0%B0%D1%82%D0%BE%D1%80%D0%BE%D0%B2
2025/05/11 16:04:03 Проиндексирована страница: https://ru.wikipedia.org/wiki/%D0%9F%D0%B5%D1%80%D0%B5%D0%BE%D0%BF%D1%80%D0%B5%D0%B4%D0%B5%D0%BB%D0%B5%D0%BD%D0%B8%D0%B5_%D0%BE%D0%BF%D0%B5%D1%80%D0%B0%D1%82%D0%BE%D1%80%D0%BE%D0%B2
2025/05/11 16:04:03 Посещение: https://ru.wikipedia.org/wiki/%D0%A2%D0%B8%D0%BF%D0%BE%D0%B1%D0%B5%D0%B7%D0%BE%D0%BF%D0%B0%D1%81%D0%BD%D0%BE%D1%81%D1%82%D1%8C
2025/05/11 16:04:03 Проиндексирована страница: https://ru.wikipedia.org/wiki/%D0%A2%D0%B8%D0%BF%D0%BE%D0%B1%D0%B5%D0%B7%D0%BE%D0%BF%D0%B0%D1%81%D0%BD%D0%BE%D1%81%D1%82%D1%8C
2025/05/11 16:04:03 Посещение: https://ru.wikipedia.org/wiki/%D0%A0%D0%B5%D1%84%D0%B0%D0%BA%D1%82%D0%BE%D1%80%D0%B8%D0%BD%D0%B3
2025/05/11 16:04:04 Проиндексирована страница: https://ru.wikipedia.org/wiki/%D0%A0%D0%B5%D1%84%D0%B0%D0%BA%D1%82%D0%BE%D1%80%D0%B8%D0%BD%D0%B3
2025/05/11 16:04:04 Посещение: https://ru.wikipedia.org/wiki/%D0%98%D1%81%D0%BA%D0%BB%D1%8E%D1%87%D0%B5%D0%BD%D0%B8%D0%B5_(%D0%BF%D1%80%D0%BE%D0%B3%D1%80%D0%B0%D0%BC%D0%BC%D0%B8%D1%80%D0%BE%D0%B2%D0%B0%D0%BD%D0%B8%D0%B5)
2025/05/11 16:04:04 Проиндексирована страница: https://ru.wikipedia.org/wiki/%D0%98%D1%81%D0%BA%D0%BB%D1%8E%D1%87%D0%B5%D0%BD%D0%B8%D0%B5_(%D0%BF%D1%80%D0%BE%D0%B3%D1%80%D0%B0%D0%BC%D0%BC%D0%B8%D1%80%D0%BE%D0%B2%D0%B0%D0%BD%D0%B8%D0%B5)
2025/05/11 16:04:04 Посещение: https://ru.wikipedia.org/wiki/%D0%9F%D1%80%D0%B8%D0%BD%D1%86%D0%B8%D0%BF_%D0%BD%D0%B0%D0%B8%D0%BC%D0%B5%D0%BD%D1%8C%D1%88%D0%B5%D0%B3%D0%BE_%D1%83%D0%B4%D0%B8%D0%B2%D0%BB%D0%B5%D0%BD%D0%B8%D1%8F
2025/05/11 16:04:05 Проиндексирована страница: https://ru.wikipedia.org/wiki/%D0%9F%D1%80%D0%B8%D0%BD%D1%86%D0%B8%D0%BF_%D0%BD%D0%B0%D0%B8%D0%BC%D0%B5%D0%BD%D1%8C%D1%88%D0%B5%D0%B3%D0%BE_%D1%83%D0%B4%D0%B8%D0%B2%D0%BB%D0%B5%D0%BD%D0%B8%D1%8F
2025/05/11 16:04:05 Посещение: https://ru.wikipedia.org/wiki/%D0%98%D0%BD%D0%B4%D0%B5%D0%BA%D1%81_TIOBE
2025/05/11 16:04:05 Проиндексирована страница: https://ru.wikipedia.org/wiki/%D0%98%D0%BD%D0%B4%D0%B5%D0%BA%D1%81_TIOBE
2025/05/11 16:04:05 Посещение: https://ru.wikipedia.org/w/index.php?title=RoadRunner_(Application_server)&action=edit&redlink=1
2025/05/11 16:04:05 Проиндексирована страница: https://ru.wikipedia.org/w/index.php?title=RoadRunner_(Application_server)&action=edit&redlink=1
2025/05/11 16:04:05 Посещение: https://ru.wikipedia.org/wiki/Yii
2025/05/11 16:04:05 Проиндексирована страница: https://ru.wikipedia.org/wiki/Yii
2025/05/11 16:04:05 Посещение: https://ru.wikipedia.org/wiki/REST
2025/05/11 16:04:06 Проиндексирована страница: https://ru.wikipedia.org/wiki/REST
2025/05/11 16:04:06 Посещение: https://ru.wikipedia.org/wiki/PHP
2025/05/11 16:04:06 Проиндексирована страница: https://ru.wikipedia.org/wiki/PHP
2025/05/11 16:04:06 Посещение: https://ru.wikipedia.org/wiki/WebAssembly
2025/05/11 16:04:06 Проиндексирована страница: https://ru.wikipedia.org/wiki/WebAssembly
2025/05/11 16:04:06 Посещение: https://ru.wikipedia.org/wiki/Spectre_(%D1%83%D1%8F%D0%B7%D0%B2%D0%B8%D0%BC%D0%BE%D1%81%D1%82%D1%8C)
2025/05/11 16:04:06 Проиндексирована страница: https://ru.wikipedia.org/wiki/Spectre_(%D1%83%D1%8F%D0%B7%D0%B2%D0%B8%D0%BC%D0%BE%D1%81%D1%82%D1%8C)
2025/05/11 16:04:06 Посещение: https://ru.wikipedia.org/wiki/%D0%9D%D1%83%D0%BC%D0%B5%D1%80%D0%B0%D1%86%D0%B8%D1%8F_%D0%B2%D0%B5%D1%80%D1%81%D0%B8%D0%B9_%D0%BF%D1%80%D0%BE%D0%B3%D1%80%D0%B0%D0%BC%D0%BC%D0%BD%D0%BE%D0%B3%D0%BE_%D0%BE%D0%B1%D0%B5%D1%81%D0%BF%D0%B5%D1%87%D0%B5%D0%BD%D0%B8%D1%8F
2025/05/11 16:04:06 Проиндексирована страница: https://ru.wikipedia.org/wiki/%D0%9D%D1%83%D0%BC%D0%B5%D1%80%D0%B0%D1%86%D0%B8%D1%8F_%D0%B2%D0%B5%D1%80%D1%81%D0%B8%D0%B9_%D0%BF%D1%80%D0%BE%D0%B3%D1%80%D0%B0%D0%BC%D0%BC%D0%BD%D0%BE%D0%B3%D0%BE_%D0%BE%D0%B1%D0%B5%D1%81%D0%BF%D0%B5%D1%87%D0%B5%D0%BD%D0%B8%D1%8F
2025/05/11 16:04:06 Посещение: https://blog.golang.org/go2draft
2025/05/11 16:04:07 Проиндексирована страница: https://go.dev/blog/go2draft
2025/05/11 16:04:07 Посещение: https://go.googlesource.com/proposal/+/master/design/go2draft-error-handling.md
2025/05/11 16:04:07 Проиндексирована страница: https://go.googlesource.com/proposal/+/master/design/go2draft-error-handling.md
2025/05/11 16:04:07 Посещение: https://go.googlesource.com/proposal/+/master/design/32437-try-builtin.md
2025/05/11 16:04:07 Проиндексирована страница: https://go.googlesource.com/proposal/+/master/design/32437-try-builtin.md
2025/05/11 16:04:07 Посещение: https://ru.wikipedia.org/wiki/%D0%9F%D1%81%D0%B5%D0%B2%D0%B4%D0%BE%D0%BA%D0%BE%D0%B4_(%D1%8F%D0%B7%D1%8B%D0%BA_%D0%BE%D0%BF%D0%B8%D1%81%D0%B0%D0%BD%D0%B8%D1%8F_%D0%B0%D0%BB%D0%B3%D0%BE%D1%80%D0%B8%D1%82%D0%BC%D0%BE%D0%B2)
2025/05/11 16:04:08 Проиндексирована страница: https://ru.wikipedia.org/wiki/%D0%9F%D1%81%D0%B5%D0%B2%D0%B4%D0%BE%D0%BA%D0%BE%D0%B4_(%D1%8F%D0%B7%D1%8B%D0%BA_%D0%BE%D0%BF%D0%B8%D1%81%D0%B0%D0%BD%D0%B8%D1%8F_%D0%B0%D0%BB%D0%B3%D0%BE%D1%80%D0%B8%D1%82%D0%BC%D0%BE%D0%B2)
2025/05/11 16:04:08 Посещение: https://blog.golang.org/go2-next-steps
2025/05/11 16:04:08 Проиндексирована страница: https://go.dev/blog/go2-next-steps
2025/05/11 16:04:08 Посещение: https://ru.wikipedia.org/wiki/Yacc
2025/05/11 16:04:08 Проиндексирована страница: https://ru.wikipedia.org/wiki/Yacc
2025/05/11 16:04:08 Посещение: https://ru.wikipedia.org/wiki/GNU_bison
2025/05/11 16:04:09 Проиндексирована страница: https://ru.wikipedia.org/wiki/GNU_bison
2025/05/11 16:04:09 Посещение: https://ru.wikipedia.org/wiki/GCC
2025/05/11 16:04:09 Проиндексирована страница: https://ru.wikipedia.org/wiki/GCC
2025/05/11 16:04:09 Посещение: https://ru.wikipedia.org/wiki/LLVM
2025/05/11 16:04:10 Проиндексирована страница: https://ru.wikipedia.org/wiki/LLVM
2025/05/11 16:04:10 Посещение: https://www.jetbrains.com/go/
2025/05/11 16:04:10 Проиндексирована страница: https://www.jetbrains.com/go/
2025/05/11 16:04:10 Посещение: https://ru.wikipedia.org/wiki/JetBrains
2025/05/11 16:04:10 Проиндексирована страница: https://ru.wikipedia.org/wiki/JetBrains
2025/05/11 16:04:10 Посещение: https://sourceforge.net/projects/liteide/
2025/05/11 16:04:11 Проиндексирована страница: https://sourceforge.net/projects/liteide/
2025/05/11 16:04:11 Посещение: https://ru.wikipedia.org/wiki/Echo
2025/05/11 16:04:11 Проиндексирована страница: https://ru.wikipedia.org/wiki/Echo
2025/05/11 16:04:11 Посещение: https://golang.org/doc/faq
2025/05/11 16:04:12 Проиндексирована страница: https://go.dev/doc/faq
2025/05/11 16:04:12 Посещение: https://web.archive.org/web/20200503075008/https://golang.org/doc/faq
2025/05/11 16:04:14 Проиндексирована страница: https://web.archive.org/web/20200503075008/https://golang.org/doc/faq
2025/05/11 16:04:14 Посещение: https://talks.golang.org/2012/chat.slide
2025/05/11 16:04:15 Проиндексирована страница: https://go.dev/talks/2012/chat.slide
2025/05/11 16:04:15 Посещение: https://web.archive.org/web/20220618153138/https://talks.golang.org/2012/chat.slide
2025/05/11 16:04:16 Проиндексирована страница: https://web.archive.org/web/20220618153138/https://talks.golang.org/2012/chat.slide
2025/05/11 16:04:16 Посещение: https://go.dev/doc/devel/release
2025/05/11 16:04:16 Проиндексирована страница: https://go.dev/doc/devel/release
2025/05/11 16:04:16 Посещение: https://go.dev/blog/13years
2025/05/11 16:04:16 Проиндексирована страница: https://go.dev/blog/13years
2025/05/11 16:04:16 Посещение: https://go.dev/doc/faq
2025/05/11 16:04:17 Проиндексирована страница: https://go.dev/doc/faq
2025/05/11 16:04:17 Посещение: https://talks.golang.org/2015/gophercon-goevolution.slide
2025/05/11 16:04:17 Проиндексирована страница: https://go.dev/talks/2015/gophercon-goevolution.slide
2025/05/11 16:04:17 Посещение: https://golang.org/doc/go_faq.html
2025/05/11 16:04:18 Проиндексирована страница: https://go.dev/doc/faq
2025/05/11 16:04:18 Посещение: https://talks.golang.org/2014/hellogophers.slide
2025/05/11 16:04:19 Проиндексирована страница: https://go.dev/talks/2014/hellogophers.slide
2025/05/11 16:04:19 Посещение: https://techcrunch.com/2009/11/10/google-go-language/
2025/05/11 16:04:21 Проиндексирована страница: https://techcrunch.com/2009/11/10/google-go-language/
2025/05/11 16:04:21 Посещение: https://web.archive.org/web/20100118014358/http://www.techcrunch.com/2009/11/10/google-go-language/
2025/05/11 16:04:22 Проиндексирована страница: https://web.archive.org/web/20100118014358/http://www.techcrunch.com/2009/11/10/google-go-language/
2025/05/11 16:04:22 Посещение: https://web.archive.org/web/20190107052512/https://golang.org/doc/faq
2025/05/11 16:04:25 Проиндексирована страница: https://web.archive.org/web/20190107052512/https://golang.org/doc/faq
2025/05/11 16:04:25 Посещение: https://golang.org/doc/install.html
2025/05/11 16:04:26 Проиндексирована страница: https://go.dev/doc/install
2025/05/11 16:04:26 Посещение: https://web.archive.org/web/20120320091541/http://golang.org/doc/install.html
2025/05/11 16:04:27 Проиндексирована страница: https://web.archive.org/web/20120320091541/http://golang.org/doc/install.html
2025/05/11 16:04:27 Посещение: https://github.com/golang/go/issues/9
2025/05/11 16:04:28 Проиндексирована страница: https://github.com/golang/go/issues/9
2025/05/11 16:04:28 Посещение: https://web.archive.org/web/20180223071807/https://github.com/golang/go/issues/9
2025/05/11 16:04:29 Проиндексирована страница: https://web.archive.org/web/20180223071807/https://github.com/golang/go/issues/9
2025/05/11 16:04:29 Посещение: https://talks.golang.org/2012/splash.article
2025/05/11 16:04:30 Проиндексирована страница: https://go.dev/talks/2012/splash.article
2025/05/11 16:04:30 Посещение: https://web.archive.org/web/20210125205239/https://talks.golang.org/2012/splash.article
2025/05/11 16:04:31 Проиндексирована страница: https://web.archive.org/web/20210125205239/https://talks.golang.org/2012/splash.article
2025/05/11 16:04:31 Посещение: https://talks.golang.org/2009/go_talk-20091030.pdf
2025/05/11 16:04:32 Посещение: https://web.archive.org/web/20170829201712/https://talks.golang.org/2009/go_talk-20091030.pdf
2025/05/11 16:04:34 Посещение: https://blog.golang.org/defer-panic-and-recover
2025/05/11 16:04:34 Проиндексирована страница: https://go.dev/blog/defer-panic-and-recover
2025/05/11 16:04:34 Посещение: https://web.archive.org/web/20140420144707/http://blog.golang.org/defer-panic-and-recover
2025/05/11 16:04:35 Проиндексирована страница: https://web.archive.org/web/20140420144707/http://blog.golang.org/defer-panic-and-recover
2025/05/11 16:04:35 Посещение: http://swig.org/
2025/05/11 16:04:37 Проиндексирована страница: https://swig.org/
2025/05/11 16:04:37 Посещение: https://web.archive.org/web/20181128075341/http://swig.org/
2025/05/11 16:04:39 Проиндексирована страница: https://web.archive.org/web/20181128075341/http://swig.org/
2025/05/11 16:04:39 Посещение: http://yager.io/programming/go.html
2025/05/11 16:04:40 Проиндексирована страница: http://yager.io/programming/go.html
2025/05/11 16:04:40 Посещение: https://web.archive.org/web/20190716202032/http://yager.io/programming/go.html
2025/05/11 16:04:41 Проиндексирована страница: https://web.archive.org/web/20190716202032/http://yager.io/programming/go.html
2025/05/11 16:04:41 Посещение: https://docs.google.com/document/d/1vrAy9gMpMoS3uaVphB32uVXX4pi-HnNjkMEgyAHX4N4/preview
2025/05/11 16:04:42 Проиндексирована страница: https://docs.google.com/document/d/1vrAy9gMpMoS3uaVphB32uVXX4pi-HnNjkMEgyAHX4N4/preview
2025/05/11 16:04:42 Посещение: https://web.archive.org/web/20190715081013/https://docs.google.com/document/d/1vrAy9gMpMoS3uaVphB32uVXX4pi-HnNjkMEgyAHX4N4/preview
2025/05/11 16:04:43 Проиндексирована страница: https://web.archive.org/web/20190715081013/https://docs.google.com/document/d/1vrAy9gMpMoS3uaVphB32uVXX4pi-HnNjkMEgyAHX4N4/preview
2025/05/11 16:04:43 Посещение: https://crufter.com/everyday-hassles-in-go
2025/05/11 16:04:44 Проиндексирована страница: https://crufter.com/everyday-hassles-in-go
2025/05/11 16:04:44 Посещение: https://web.archive.org/web/20190410172407/https://crufter.com/everyday-hassles-in-go
2025/05/11 16:04:47 Проиндексирована страница: https://web.archive.org/web/20190410172407/https://crufter.com/everyday-hassles-in-go
2025/05/11 16:04:47 Посещение: https://talks.golang.org/2014/gocon-tokyo.slide
2025/05/11 16:04:47 Проиндексирована страница: https://go.dev/talks/2014/gocon-tokyo.slide
2025/05/11 16:04:47 Посещение: https://web.archive.org/web/20190203070701/https://talks.golang.org/2014/gocon-tokyo.slide
2025/05/11 16:04:49 Проиндексирована страница: https://web.archive.org/web/20190203070701/https://talks.golang.org/2014/gocon-tokyo.slide
2025/05/11 16:04:49 Посещение: https://dou.ua/lenta/articles/language-rating-jan-2018/
2025/05/11 16:04:49 Посещение: https://web.archive.org/web/20200804053531/https://dou.ua/lenta/articles/language-rating-jan-2018/
2025/05/11 16:04:50 Проиндексирована страница: https://web.archive.org/web/20200804053531/https://dou.ua/lenta/articles/language-rating-jan-2018/
2025/05/11 16:04:50 Посещение: https://spiral.dev/
2025/05/11 16:04:51 Проиндексирована страница: https://spiral.dev/
2025/05/11 16:04:51 Посещение: https://web.archive.org/web/20200513173441/https://spiral.dev/
2025/05/11 16:04:52 Проиндексирована страница: https://web.archive.org/web/20200513173441/https://spiral.dev/
2025/05/11 16:04:52 Посещение: https://golang.org/doc/devel/release.html
2025/05/11 16:04:53 Проиндексирована страница: https://go.dev/doc/devel/release
2025/05/11 16:04:53 Посещение: https://web.archive.org/web/20170217063007/https://golang.org/doc/devel/release.html
2025/05/11 16:04:54 Проиндексирована страница: https://web.archive.org/web/20170217063007/https://golang.org/doc/devel/release.html
2025/05/11 16:04:54 Посещение: https://ru.wikipedia.org/wiki/Wayback_Machine
2025/05/11 16:04:54 Проиндексирована страница: https://ru.wikipedia.org/wiki/Wayback_Machine
2025/05/11 16:04:54 Посещение: https://golang.org/doc/go1compat
2025/05/11 16:04:54 Проиндексирована страница: https://go.dev/doc/go1compat
2025/05/11 16:04:54 Посещение: https://web.archive.org/web/20171002231014/https://golang.org/doc/go1compat
2025/05/11 16:04:56 Проиндексирована страница: https://web.archive.org/web/20171002231014/https://golang.org/doc/go1compat
2025/05/11 16:04:56 Посещение: https://go.dev/doc/go1.18
2025/05/11 16:04:56 Проиндексирована страница: https://go.dev/doc/go1.18
2025/05/11 16:04:56 Посещение: https://web.archive.org/web/20230527171309/https://go.dev/doc/go1.18
2025/05/11 16:04:57 Проиндексирована страница: https://web.archive.org/web/20230527171309/https://go.dev/doc/go1.18
2025/05/11 16:04:57 Посещение: https://blog.golang.org/go2-here-we-come
2025/05/11 16:04:58 Проиндексирована страница: https://go.dev/blog/go2-here-we-come
2025/05/11 16:04:58 Посещение: https://web.archive.org/web/20181201015520/https://blog.golang.org/go2-here-we-come
2025/05/11 16:04:58 Проиндексирована страница: https://web.archive.org/web/20181201015520/https://blog.golang.org/go2-here-we-come
2025/05/11 16:04:58 Посещение: https://gcc.gnu.org/gcc-4.6/changes.html
2025/05/11 16:05:02 Проиндексирована страница: https://gcc.gnu.org/gcc-4.6/changes.html
2025/05/11 16:05:02 Посещение: https://web.archive.org/web/20131202234354/https://gcc.gnu.org/gcc-4.6/changes.html
2025/05/11 16:05:02 Проиндексирована страница: https://web.archive.org/web/20131202234354/https://gcc.gnu.org/gcc-4.6/changes.html
2025/05/11 16:05:02 Посещение: https://golang.org/doc/install/gccgo
2025/05/11 16:05:03 Проиндексирована страница: https://go.dev/doc/install/gccgo
2025/05/11 16:05:03 Посещение: https://web.archive.org/web/20181123154304/https://golang.org/doc/install/gccgo
2025/05/11 16:05:05 Проиндексирована страница: https://web.archive.org/web/20181123154304/https://golang.org/doc/install/gccgo
2025/05/11 16:05:05 Посещение: https://gcc.gnu.org/gcc-8/changes.html
2025/05/11 16:05:08 Проиндексирована страница: https://gcc.gnu.org/gcc-8/changes.html
2025/05/11 16:05:08 Посещение: https://web.archive.org/web/20181129002653/http://gcc.gnu.org/gcc-8/changes.html
2025/05/11 16:05:09 Проиндексирована страница: https://web.archive.org/web/20181129002653/http://gcc.gnu.org/gcc-8/changes.html
2025/05/11 16:05:09 Посещение: https://github.com/go-llvm/llgo
2025/05/11 16:05:10 Проиндексирована страница: https://github.com/go-llvm/llgo
2025/05/11 16:05:10 Посещение: https://web.archive.org/web/20140911140436/https://github.com/go-llvm/llgo
2025/05/11 16:05:11 Проиндексирована страница: https://web.archive.org/web/20140911140436/https://github.com/go-llvm/llgo
2025/05/11 16:05:11 Посещение: https://github.com/llvm-mirror/llgo
2025/05/11 16:05:12 Проиндексирована страница: https://github.com/llvm-mirror/llgo
2025/05/11 16:05:12 Посещение: https://web.archive.org/web/20180611151708/https://github.com/llvm-mirror/llgo
2025/05/11 16:05:13 Проиндексирована страница: https://web.archive.org/web/20180611151708/https://github.com/llvm-mirror/llgo
2025/05/11 16:05:13 Посещение: https://llvm.org/svn/llvm-project/llgo/trunk/README.TXT
2025/05/11 16:05:14 Посещение: https://web.archive.org/web/20170322104144/https://llvm.org/svn/llvm-project/llgo/trunk/README.TXT
2025/05/11 16:05:15 Посещение: https://go.googlesource.com/gollvm/
2025/05/11 16:05:16 Проиндексирована страница: https://go.googlesource.com/gollvm/
2025/05/11 16:05:16 Посещение: https://web.archive.org/web/20181208112039/https://go.googlesource.com/gollvm
2025/05/11 16:05:16 Проиндексирована страница: https://web.archive.org/web/20181208112039/https://go.googlesource.com/gollvm
2025/05/11 16:05:16 Посещение: https://www.phoronix.com/scan.php?page=news_item&px=gollvm-go-llvm
2025/05/11 16:05:20 Проиндексирована страница: https://www.phoronix.com/news/Gollvm-Go-LLVM
2025/05/11 16:05:20 Посещение: https://web.archive.org/web/20181012085734/https://www.phoronix.com/scan.php?page=news_item&px=Gollvm-Go-LLVM
2025/05/11 16:05:21 Проиндексирована страница: https://web.archive.org/web/20181012085734/https://www.phoronix.com/scan.php?page=news_item&px=Gollvm-Go-LLVM
2025/05/11 16:05:21 Посещение: https://godoc.org/golang.org/x/tools/go/ssa/interp
2025/05/11 16:05:22 Проиндексирована страница: https://pkg.go.dev/golang.org/x/tools/go/ssa/interp?utm_source=godoc
2025/05/11 16:05:22 Посещение: https://web.archive.org/web/20190529053941/https://godoc.org/golang.org/x/tools/go/ssa/interp
2025/05/11 16:05:23 Проиндексирована страница: https://web.archive.org/web/20190529053941/https://godoc.org/golang.org/x/tools/go/ssa/interp
2025/05/11 16:05:23 Посещение: https://tinygo.org/
2025/05/11 16:05:23 Проиндексирована страница: https://tinygo.org/
2025/05/11 16:05:23 Посещение: https://web.archive.org/web/20230723184552/https://tinygo.org/
2025/05/11 16:05:26 Проиндексирована страница: https://web.archive.org/web/20230723184552/https://tinygo.org/
2025/05/11 16:05:26 Посещение: https://ru.wikipedia.org/wiki/%D0%A1%D0%BB%D1%83%D0%B6%D0%B5%D0%B1%D0%BD%D0%B0%D1%8F:%D0%98%D1%81%D1%82%D0%BE%D1%87%D0%BD%D0%B8%D0%BA%D0%B8_%D0%BA%D0%BD%D0%B8%D0%B3/9785845920515
2025/05/11 16:05:26 Проиндексирована страница: https://ru.wikipedia.org/wiki/%D0%A1%D0%BB%D1%83%D0%B6%D0%B5%D0%B1%D0%BD%D0%B0%D1%8F:%D0%98%D1%81%D1%82%D0%BE%D1%87%D0%BD%D0%B8%D0%BA%D0%B8_%D0%BA%D0%BD%D0%B8%D0%B3/9785845920515
2025/05/11 16:05:26 Посещение: https://ru.wikipedia.org/w/index.php?title=%D0%94%D0%9C%D0%9A_%D0%9F%D1%80%D0%B5%D1%81%D1%81&action=edit&redlink=1
2025/05/11 16:05:26 Проиндексирована страница: https://ru.wikipedia.org/w/index.php?title=%D0%94%D0%9C%D0%9A_%D0%9F%D1%80%D0%B5%D1%81%D1%81&action=edit&redlink=1
2025/05/11 16:05:26 Посещение: https://ru.wikipedia.org/wiki/%D0%A1%D0%BB%D1%83%D0%B6%D0%B5%D0%B1%D0%BD%D0%B0%D1%8F:%D0%98%D1%81%D1%82%D0%BE%D1%87%D0%BD%D0%B8%D0%BA%D0%B8_%D0%BA%D0%BD%D0%B8%D0%B3/9785970604779
2025/05/11 16:05:27 Проиндексирована страница: https://ru.wikipedia.org/wiki/%D0%A1%D0%BB%D1%83%D0%B6%D0%B5%D0%B1%D0%BD%D0%B0%D1%8F:%D0%98%D1%81%D1%82%D0%BE%D1%87%D0%BD%D0%B8%D0%BA%D0%B8_%D0%BA%D0%BD%D0%B8%D0%B3/9785970604779
2025/05/11 16:05:27 Посещение: https://ru.wikipedia.org/wiki/%D0%A1%D0%BB%D1%83%D0%B6%D0%B5%D0%B1%D0%BD%D0%B0%D1%8F:%D0%98%D1%81%D1%82%D0%BE%D1%87%D0%BD%D0%B8%D0%BA%D0%B8_%D0%BA%D0%BD%D0%B8%D0%B3/9785940748540
2025/05/11 16:05:27 Проиндексирована страница: https://ru.wikipedia.org/wiki/%D0%A1%D0%BB%D1%83%D0%B6%D0%B5%D0%B1%D0%BD%D0%B0%D1%8F:%D0%98%D1%81%D1%82%D0%BE%D1%87%D0%BD%D0%B8%D0%BA%D0%B8_%D0%BA%D0%BD%D0%B8%D0%B3/9785940748540
2025/05/11 16:05:27 Посещение: https://golang.org/
2025/05/11 16:05:27 Проиндексирована страница: https://go.dev/
2025/05/11 16:05:27 Посещение: https://tour.golang.org/
2025/05/11 16:05:28 Проиндексирована страница: https://go.dev/tour/
2025/05/11 16:05:28 Посещение: https://go.dev/
2025/05/11 16:05:28 Проиндексирована страница: https://go.dev/
2025/05/11 16:05:28 Посещение: http://netsago.org/ru/docs/1/16/
2025/05/11 16:05:29 Проиндексирована страница: http://netsago.org/ru/docs/1/16/
2025/05/11 16:05:29 Посещение: https://gobyexample.com
2025/05/11 16:05:30 Проиндексирована страница: https://gobyexample.com
2025/05/11 16:05:30 Посещение: https://github.com/avelino/awesome-go
2025/05/11 16:05:31 Проиндексирована страница: https://github.com/avelino/awesome-go
2025/05/11 16:05:31 Посещение: https://ru.wikipedia.org/wiki/%D0%A8%D0%B0%D0%B1%D0%BB%D0%BE%D0%BD:External_links
2025/05/11 16:05:31 Проиндексирована страница: https://ru.wikipedia.org/wiki/%D0%A8%D0%B0%D0%B1%D0%BB%D0%BE%D0%BD:External_links
2025/05/11 16:05:31 Посещение: https://ru.wikipedia.org/wiki/%D0%A8%D0%B0%D0%B1%D0%BB%D0%BE%D0%BD:%D0%92%D0%BD%D0%B5%D1%88%D0%BD%D0%B8%D0%B5_%D1%81%D1%81%D1%8B%D0%BB%D0%BA%D0%B8
2025/05/11 16:05:32 Проиндексирована страница: https://ru.wikipedia.org/wiki/%D0%A8%D0%B0%D0%B1%D0%BB%D0%BE%D0%BD:%D0%92%D0%BD%D0%B5%D1%88%D0%BD%D0%B8%D0%B5_%D1%81%D1%81%D1%8B%D0%BB%D0%BA%D0%B8
2025/05/11 16:05:32 Посещение: https://www.wikidata.org/wiki/Q37227
2025/05/11 16:05:33 Проиндексирована страница: https://www.wikidata.org/wiki/Q37227
2025/05/11 16:05:33 Посещение: https://twitter.com/golang
2025/05/11 16:05:34 Посещение: https://www.youtube.com/channel/UCO3LEtymiLrgvpb59cNsb8A
2025/05/11 16:05:35 Проиндексирована страница: https://consent.youtube.com/ml?continue=https://www.youtube.com/channel/UCO3LEtymiLrgvpb59cNsb8A?cbrd%3D1&gl=FI&hl=fi&cm=2&pc=yt&src=1
2025/05/11 16:05:35 Посещение: https://github.com/golang
2025/05/11 16:05:36 Проиндексирована страница: https://github.com/golang
2025/05/11 16:05:36 Посещение: https://www.zgbk.com/ecph/words?SiteID=1&ID=584529
2025/05/11 16:05:38 Проиндексирована страница: https://www.zgbk.com/ecph/words?SiteID=1&ID=584529
2025/05/11 16:05:38 Посещение: https://www.britannica.com/technology/Go-programming-language
2025/05/11 16:05:39 Проиндексирована страница: https://www.britannica.com/technology/Go-programming-language
2025/05/11 16:05:39 Посещение: https://ru.wikipedia.org/wiki/Gemeinsame_Normdatei
2025/05/11 16:05:39 Проиндексирована страница: https://ru.wikipedia.org/wiki/Gemeinsame_Normdatei
2025/05/11 16:05:39 Посещение: https://d-nb.info/gnd/7725033-3
2025/05/11 16:05:41 Проиндексирована страница: https://portal.dnb.de/opac.htm?method=simpleSearch&cqlMode=true&query=nid%3D7725033-3
2025/05/11 16:05:41 Посещение: https://ru.wikipedia.org/wiki/%D0%9D%D0%B0%D1%86%D0%B8%D0%BE%D0%BD%D0%B0%D0%BB%D1%8C%D0%BD%D0%B0%D1%8F_%D0%B1%D0%B8%D0%B1%D0%BB%D0%B8%D0%BE%D1%82%D0%B5%D0%BA%D0%B0_%D0%98%D0%B7%D1%80%D0%B0%D0%B8%D0%BB%D1%8F
2025/05/11 16:05:42 Проиндексирована страница: https://ru.wikipedia.org/wiki/%D0%9D%D0%B0%D1%86%D0%B8%D0%BE%D0%BD%D0%B0%D0%BB%D1%8C%D0%BD%D0%B0%D1%8F_%D0%B1%D0%B8%D0%B1%D0%BB%D0%B8%D0%BE%D1%82%D0%B5%D0%BA%D0%B0_%D0%98%D0%B7%D1%80%D0%B0%D0%B8%D0%BB%D1%8F
2025/05/11 16:05:42 Посещение: https://www.nli.org.il/en/authorities/987007581576905171
2025/05/11 16:05:47 Проиндексирована страница: https://www.nli.org.il/en/authorities/987007581576905171
2025/05/11 16:05:47 Посещение: https://ru.wikipedia.org/wiki/%D0%9A%D0%BE%D0%BD%D1%82%D1%80%D0%BE%D0%BB%D1%8C%D0%BD%D1%8B%D0%B9_%D0%BD%D0%BE%D0%BC%D0%B5%D1%80_%D0%91%D0%B8%D0%B1%D0%BB%D0%B8%D0%BE%D1%82%D0%B5%D0%BA%D0%B8_%D0%9A%D0%BE%D0%BD%D0%B3%D1%80%D0%B5%D1%81%D1%81%D0%B0
2025/05/11 16:05:47 Проиндексирована страница: https://ru.wikipedia.org/wiki/%D0%9A%D0%BE%D0%BD%D1%82%D1%80%D0%BE%D0%BB%D1%8C%D0%BD%D1%8B%D0%B9_%D0%BD%D0%BE%D0%BC%D0%B5%D1%80_%D0%91%D0%B8%D0%B1%D0%BB%D0%B8%D0%BE%D1%82%D0%B5%D0%BA%D0%B8_%D0%9A%D0%BE%D0%BD%D0%B3%D1%80%D0%B5%D1%81%D1%81%D0%B0
2025/05/11 16:05:47 Посещение: https://id.loc.gov/authorities/sh2012000746
